{
  "Entries": [
    {
      "RequestUri": "/Subscriptions/6999e4d0-cfde-46a3-9092-35dc7a28b5d4/resourceGroups/vishakintdrg/providers/Microsoft.RecoveryServicesBVTD/vaults/rsv1?api-version=2015-11-10",
      "EncodedRequestUri": "L1N1YnNjcmlwdGlvbnMvNjk5OWU0ZDAtY2ZkZS00NmEzLTkwOTItMzVkYzdhMjhiNWQ0L3Jlc291cmNlR3JvdXBzL3Zpc2hha2ludGRyZy9wcm92aWRlcnMvTWljcm9zb2Z0LlJlY292ZXJ5U2VydmljZXNCVlREL3ZhdWx0cy9yc3YxP2FwaS12ZXJzaW9uPTIwMTUtMTEtMTA=",
      "RequestMethod": "PUT",
      "RequestBody": "{\r\n  \"location\": \"westus\",\r\n  \"sku\": {\r\n    \"name\": \"standard\"\r\n  },\r\n  \"properties\": {}\r\n}",
      "RequestHeaders": {
        "Content-Type": [
          "application/json; charset=utf-8"
        ],
        "Content-Length": [
          "91"
        ],
        "Accept": [
          "application/json; charset=utf-8"
        ],
        "x-ms-version": [
          "2015-01-01"
        ],
        "User-Agent": [
          "Microsoft.Azure.Management.RecoveryServices.RecoveryServicesManagementClient/1.0.0.0"
        ]
      },
      "ResponseBody": "{\r\n  \"location\": \"westus\",\r\n  \"name\": \"rsv1\",\r\n  \"etag\": \"f0ce3df8-6c03-4ac3-b734-dda599b6eaad\",\r\n  \"properties\": {\r\n    \"provisioningState\": \"Succeeded\"\r\n  },\r\n  \"id\": \"/subscriptions/6999e4d0-cfde-46a3-9092-35dc7a28b5d4/resourceGroups/vishakintdrg/providers/Microsoft.RecoveryServicesBVTD/vaults/rsv1\",\r\n  \"type\": \"Microsoft.RecoveryServicesBVTD/vaults\",\r\n  \"sku\": {\r\n    \"name\": \"standard\"\r\n  }\r\n}",
      "ResponseHeaders": {
        "Content-Length": [
          "341"
        ],
        "Content-Type": [
          "application/json"
        ],
        "Expires": [
          "-1"
        ],
        "Pragma": [
          "no-cache"
        ],
        "x-ms-request-id": [
          "a3c15842-1ae9-4fba-9161-55a09ea4c263"
        ],
        "x-ms-client-request-id": [
          "b6138f3c-e791-4485-a9da-10fc430556fb"
        ],
        "Strict-Transport-Security": [
          "max-age=31536000; includeSubDomains"
        ],
        "x-ms-ratelimit-remaining-subscription-writes": [
          "1187"
        ],
        "x-ms-correlation-request-id": [
          "a3c15842-1ae9-4fba-9161-55a09ea4c263"
        ],
        "x-ms-routing-request-id": [
          "CENTRALUS:20160413T054324Z:a3c15842-1ae9-4fba-9161-55a09ea4c263"
        ],
        "Cache-Control": [
          "no-cache"
        ],
        "Date": [
          "Wed, 13 Apr 2016 05:43:23 GMT"
        ],
        "Server": [
          "Microsoft-IIS/8.0"
        ]
      },
      "StatusCode": 201
    },
    {
      "RequestUri": "/Subscriptions/6999e4d0-cfde-46a3-9092-35dc7a28b5d4/resourceGroups?api-version=2015-01-01",
      "EncodedRequestUri": "L1N1YnNjcmlwdGlvbnMvNjk5OWU0ZDAtY2ZkZS00NmEzLTkwOTItMzVkYzdhMjhiNWQ0L3Jlc291cmNlR3JvdXBzP2FwaS12ZXJzaW9uPTIwMTUtMDEtMDE=",
      "RequestMethod": "GET",
      "RequestBody": "",
      "RequestHeaders": {
        "x-ms-version": [
          "2015-01-01"
        ],
        "User-Agent": [
          "Microsoft.Azure.Management.RecoveryServices.RecoveryServicesManagementClient/1.0.0.0"
        ]
      },
      "ResponseBody": "{\r\n  \"value\": [\r\n    {\r\n      \"id\": \"/subscriptions/6999e4d0-cfde-46a3-9092-35dc7a28b5d4/resourceGroups/AAAAA\",\r\n      \"name\": \"AAAAA\",\r\n      \"location\": \"westus\",\r\n      \"properties\": {\r\n        \"provisioningState\": \"Succeeded\"\r\n      }\r\n    },\r\n    {\r\n      \"id\": \"/subscriptions/6999e4d0-cfde-46a3-9092-35dc7a28b5d4/resourceGroups/CisService-BXZGB7XVJWIHQDPU5ZNZRUQVRYRUQ7N3ONQLECALOWU7L7O4DWZQ-west-us\",\r\n      \"name\": \"CisService-BXZGB7XVJWIHQDPU5ZNZRUQVRYRUQ7N3ONQLECALOWU7L7O4DWZQ-west-us\",\r\n      \"location\": \"westus\",\r\n      \"properties\": {\r\n        \"provisioningState\": \"Succeeded\"\r\n      }\r\n    },\r\n    {\r\n      \"id\": \"/subscriptions/6999e4d0-cfde-46a3-9092-35dc7a28b5d4/resourceGroups/Default-IntelligentSystems-WestUS\",\r\n      \"name\": \"Default-IntelligentSystems-WestUS\",\r\n      \"location\": \"westus\",\r\n      \"properties\": {\r\n        \"provisioningState\": \"Succeeded\"\r\n      }\r\n    },\r\n    {\r\n      \"id\": \"/subscriptions/6999e4d0-cfde-46a3-9092-35dc7a28b5d4/resourceGroups/Default-Networking\",\r\n      \"name\": \"Default-Networking\",\r\n      \"location\": \"westus\",\r\n      \"properties\": {\r\n        \"provisioningState\": \"Succeeded\"\r\n      }\r\n    },\r\n    {\r\n      \"id\": \"/subscriptions/6999e4d0-cfde-46a3-9092-35dc7a28b5d4/resourceGroups/Default-ServiceBus-SouthCentralUS\",\r\n      \"name\": \"Default-ServiceBus-SouthCentralUS\",\r\n      \"location\": \"southcentralus\",\r\n      \"properties\": {\r\n        \"provisioningState\": \"Succeeded\"\r\n      }\r\n    },\r\n    {\r\n      \"id\": \"/subscriptions/6999e4d0-cfde-46a3-9092-35dc7a28b5d4/resourceGroups/Default-Storage-NorthCentralUS\",\r\n      \"name\": \"Default-Storage-NorthCentralUS\",\r\n      \"location\": \"northcentralus\",\r\n      \"properties\": {\r\n        \"provisioningState\": \"Succeeded\"\r\n      }\r\n    },\r\n    {\r\n      \"id\": \"/subscriptions/6999e4d0-cfde-46a3-9092-35dc7a28b5d4/resourceGroups/Default-Storage-WestUS\",\r\n      \"name\": \"Default-Storage-WestUS\",\r\n      \"location\": \"westus\",\r\n      \"properties\": {\r\n        \"provisioningState\": \"Succeeded\"\r\n      }\r\n    },\r\n    {\r\n      \"id\": \"/subscriptions/6999e4d0-cfde-46a3-9092-35dc7a28b5d4/resourceGroups/Group\",\r\n      \"name\": \"Group\",\r\n      \"location\": \"westus\",\r\n      \"properties\": {\r\n        \"provisioningState\": \"Succeeded\"\r\n      }\r\n    },\r\n    {\r\n      \"id\": \"/subscriptions/6999e4d0-cfde-46a3-9092-35dc7a28b5d4/resourceGroups/Group-1\",\r\n      \"name\": \"Group-1\",\r\n      \"location\": \"westus\",\r\n      \"properties\": {\r\n        \"provisioningState\": \"Succeeded\"\r\n      }\r\n    },\r\n    {\r\n      \"id\": \"/subscriptions/6999e4d0-cfde-46a3-9092-35dc7a28b5d4/resourceGroups/Group-2\",\r\n      \"name\": \"Group-2\",\r\n      \"location\": \"westus\",\r\n      \"properties\": {\r\n        \"provisioningState\": \"Succeeded\"\r\n      }\r\n    },\r\n    {\r\n      \"id\": \"/subscriptions/6999e4d0-cfde-46a3-9092-35dc7a28b5d4/resourceGroups/Group-3\",\r\n      \"name\": \"Group-3\",\r\n      \"location\": \"westus\",\r\n      \"properties\": {\r\n        \"provisioningState\": \"Succeeded\"\r\n      }\r\n    },\r\n    {\r\n      \"id\": \"/subscriptions/6999e4d0-cfde-46a3-9092-35dc7a28b5d4/resourceGroups/Group-4\",\r\n      \"name\": \"Group-4\",\r\n      \"location\": \"westus\",\r\n      \"properties\": {\r\n        \"provisioningState\": \"Succeeded\"\r\n      }\r\n    },\r\n    {\r\n      \"id\": \"/subscriptions/6999e4d0-cfde-46a3-9092-35dc7a28b5d4/resourceGroups/Group-5\",\r\n      \"name\": \"Group-5\",\r\n      \"location\": \"northeurope\",\r\n      \"properties\": {\r\n        \"provisioningState\": \"Succeeded\"\r\n      }\r\n    },\r\n    {\r\n      \"id\": \"/subscriptions/6999e4d0-cfde-46a3-9092-35dc7a28b5d4/resourceGroups/Group-6\",\r\n      \"name\": \"Group-6\",\r\n      \"location\": \"northeurope\",\r\n      \"properties\": {\r\n        \"provisioningState\": \"Succeeded\"\r\n      }\r\n    },\r\n    {\r\n      \"id\": \"/subscriptions/6999e4d0-cfde-46a3-9092-35dc7a28b5d4/resourceGroups/Group-7\",\r\n      \"name\": \"Group-7\",\r\n      \"location\": \"northeurope\",\r\n      \"properties\": {\r\n        \"provisioningState\": \"Succeeded\"\r\n      }\r\n    },\r\n    {\r\n      \"id\": \"/subscriptions/6999e4d0-cfde-46a3-9092-35dc7a28b5d4/resourceGroups/Group-8\",\r\n      \"name\": \"Group-8\",\r\n      \"location\": \"northeurope\",\r\n      \"properties\": {\r\n        \"provisioningState\": \"Succeeded\"\r\n      }\r\n    },\r\n    {\r\n      \"id\": \"/subscriptions/6999e4d0-cfde-46a3-9092-35dc7a28b5d4/resourceGroups/intdrg\",\r\n      \"name\": \"intdrg\",\r\n      \"location\": \"westus\",\r\n      \"properties\": {\r\n        \"provisioningState\": \"Succeeded\"\r\n      }\r\n    },\r\n    {\r\n      \"id\": \"/subscriptions/6999e4d0-cfde-46a3-9092-35dc7a28b5d4/resourceGroups/IoTHub-Default-East-US\",\r\n      \"name\": \"IoTHub-Default-East-US\",\r\n      \"location\": \"eastus\",\r\n      \"properties\": {\r\n        \"provisioningState\": \"Succeeded\"\r\n      }\r\n    },\r\n    {\r\n      \"id\": \"/subscriptions/6999e4d0-cfde-46a3-9092-35dc7a28b5d4/resourceGroups/MobileEngagement\",\r\n      \"name\": \"MobileEngagement\",\r\n      \"location\": \"southcentralus\",\r\n      \"properties\": {\r\n        \"provisioningState\": \"Succeeded\"\r\n      }\r\n    },\r\n    {\r\n      \"id\": \"/subscriptions/6999e4d0-cfde-46a3-9092-35dc7a28b5d4/resourceGroups/rdfe\",\r\n      \"name\": \"rdfe\",\r\n      \"location\": \"eastus2\",\r\n      \"properties\": {\r\n        \"provisioningState\": \"Succeeded\"\r\n      }\r\n    },\r\n    {\r\n      \"id\": \"/subscriptions/6999e4d0-cfde-46a3-9092-35dc7a28b5d4/resourceGroups/RecoveryServices-BXZGB7XVJWIHQDPU5ZNZRUQVRYRUQ7N3ONQLECALOWU7L7O4DWZQ-West-Europe\",\r\n      \"name\": \"RecoveryServices-BXZGB7XVJWIHQDPU5ZNZRUQVRYRUQ7N3ONQLECALOWU7L7O4DWZQ-West-Europe\",\r\n      \"location\": \"westeurope\",\r\n      \"properties\": {\r\n        \"provisioningState\": \"Succeeded\"\r\n      }\r\n    },\r\n    {\r\n      \"id\": \"/subscriptions/6999e4d0-cfde-46a3-9092-35dc7a28b5d4/resourceGroups/RecoveryServices-BXZGB7XVJWIHQDPU5ZNZRUQVRYRUQ7N3ONQLECALOWU7L7O4DWZQ-west-us\",\r\n      \"name\": \"RecoveryServices-BXZGB7XVJWIHQDPU5ZNZRUQVRYRUQ7N3ONQLECALOWU7L7O4DWZQ-west-us\",\r\n      \"location\": \"westus\",\r\n      \"properties\": {\r\n        \"provisioningState\": \"Succeeded\"\r\n      }\r\n    },\r\n    {\r\n      \"id\": \"/subscriptions/6999e4d0-cfde-46a3-9092-35dc7a28b5d4/resourceGroups/resourcegroup\",\r\n      \"name\": \"resourcegroup\",\r\n      \"location\": \"westus\",\r\n      \"properties\": {\r\n        \"provisioningState\": \"Succeeded\"\r\n      }\r\n    },\r\n    {\r\n      \"id\": \"/subscriptions/6999e4d0-cfde-46a3-9092-35dc7a28b5d4/resourceGroups/StreamAnalytics-Default-West-US\",\r\n      \"name\": \"StreamAnalytics-Default-West-US\",\r\n      \"location\": \"westus\",\r\n      \"properties\": {\r\n        \"provisioningState\": \"Succeeded\"\r\n      }\r\n    },\r\n    {\r\n      \"id\": \"/subscriptions/6999e4d0-cfde-46a3-9092-35dc7a28b5d4/resourceGroups/TestRP-7ee3823b-9635-45e0-b9b9-a80516c6dcf4\",\r\n      \"name\": \"TestRP-7ee3823b-9635-45e0-b9b9-a80516c6dcf4\",\r\n      \"location\": \"northcentralus\",\r\n      \"properties\": {\r\n        \"provisioningState\": \"Succeeded\"\r\n      }\r\n    },\r\n    {\r\n      \"id\": \"/subscriptions/6999e4d0-cfde-46a3-9092-35dc7a28b5d4/resourceGroups/vishak\",\r\n      \"name\": \"vishak\",\r\n      \"location\": \"westus\",\r\n      \"properties\": {\r\n        \"provisioningState\": \"Succeeded\"\r\n      }\r\n    },\r\n    {\r\n      \"id\": \"/subscriptions/6999e4d0-cfde-46a3-9092-35dc7a28b5d4/resourceGroups/vishakintdrg\",\r\n      \"name\": \"vishakintdrg\",\r\n      \"location\": \"westus\",\r\n      \"properties\": {\r\n        \"provisioningState\": \"Succeeded\"\r\n      }\r\n    },\r\n    {\r\n      \"id\": \"/subscriptions/6999e4d0-cfde-46a3-9092-35dc7a28b5d4/resourceGroups/Vm2-test\",\r\n      \"name\": \"Vm2-test\",\r\n      \"location\": \"northcentralus\",\r\n      \"properties\": {\r\n        \"provisioningState\": \"Succeeded\"\r\n      }\r\n    },\r\n    {\r\n      \"id\": \"/subscriptions/6999e4d0-cfde-46a3-9092-35dc7a28b5d4/resourceGroups/Vm5\",\r\n      \"name\": \"Vm5\",\r\n      \"location\": \"northcentralus\",\r\n      \"properties\": {\r\n        \"provisioningState\": \"Succeeded\"\r\n      }\r\n    },\r\n    {\r\n      \"id\": \"/subscriptions/6999e4d0-cfde-46a3-9092-35dc7a28b5d4/resourceGroups/Vm6-test\",\r\n      \"name\": \"Vm6-test\",\r\n      \"location\": \"northcentralus\",\r\n      \"properties\": {\r\n        \"provisioningState\": \"Succeeded\"\r\n      }\r\n    },\r\n    {\r\n      \"id\": \"/subscriptions/6999e4d0-cfde-46a3-9092-35dc7a28b5d4/resourceGroups/wahv0e9ab449-2925-4d1c-b70c-f96915ffbce8\",\r\n      \"name\": \"wahv0e9ab449-2925-4d1c-b70c-f96915ffbce8\",\r\n      \"location\": \"westus\",\r\n      \"properties\": {\r\n        \"provisioningState\": \"Succeeded\"\r\n      }\r\n    },\r\n    {\r\n      \"id\": \"/subscriptions/6999e4d0-cfde-46a3-9092-35dc7a28b5d4/resourceGroups/wahv4e173583-82e2-458d-a128-527a9fd44e4b\",\r\n      \"name\": \"wahv4e173583-82e2-458d-a128-527a9fd44e4b\",\r\n      \"location\": \"westus\",\r\n      \"properties\": {\r\n        \"provisioningState\": \"Succeeded\"\r\n      }\r\n    },\r\n    {\r\n      \"id\": \"/subscriptions/6999e4d0-cfde-46a3-9092-35dc7a28b5d4/resourceGroups/wahv608b170d-26e1-4ed3-ae5a-ad7fcc77f028\",\r\n      \"name\": \"wahv608b170d-26e1-4ed3-ae5a-ad7fcc77f028\",\r\n      \"location\": \"westus\",\r\n      \"properties\": {\r\n        \"provisioningState\": \"Succeeded\"\r\n      }\r\n    },\r\n    {\r\n      \"id\": \"/subscriptions/6999e4d0-cfde-46a3-9092-35dc7a28b5d4/resourceGroups/wahv858fdc7c-e813-470e-afb3-06aaba0478a8\",\r\n      \"name\": \"wahv858fdc7c-e813-470e-afb3-06aaba0478a8\",\r\n      \"location\": \"westus\",\r\n      \"properties\": {\r\n        \"provisioningState\": \"Succeeded\"\r\n      }\r\n    },\r\n    {\r\n      \"id\": \"/subscriptions/6999e4d0-cfde-46a3-9092-35dc7a28b5d4/resourceGroups/wahv937ffd8f-3586-457d-a9b4-01761b8f7722\",\r\n      \"name\": \"wahv937ffd8f-3586-457d-a9b4-01761b8f7722\",\r\n      \"location\": \"westus\",\r\n      \"properties\": {\r\n        \"provisioningState\": \"Succeeded\"\r\n      }\r\n    },\r\n    {\r\n      \"id\": \"/subscriptions/6999e4d0-cfde-46a3-9092-35dc7a28b5d4/resourceGroups/wahv9b7d9ec2-ba44-4c1c-993a-465257cb1022\",\r\n      \"name\": \"wahv9b7d9ec2-ba44-4c1c-993a-465257cb1022\",\r\n      \"location\": \"westus\",\r\n      \"properties\": {\r\n        \"provisioningState\": \"Succeeded\"\r\n      }\r\n    },\r\n    {\r\n      \"id\": \"/subscriptions/6999e4d0-cfde-46a3-9092-35dc7a28b5d4/resourceGroups/wahvab8ecd76-4ea7-4f08-b0b2-27ac93272732\",\r\n      \"name\": \"wahvab8ecd76-4ea7-4f08-b0b2-27ac93272732\",\r\n      \"location\": \"westus\",\r\n      \"properties\": {\r\n        \"provisioningState\": \"Succeeded\"\r\n      }\r\n    },\r\n    {\r\n      \"id\": \"/subscriptions/6999e4d0-cfde-46a3-9092-35dc7a28b5d4/resourceGroups/wahvab98f654-a5db-42f5-9f06-bac59a35bfa8\",\r\n      \"name\": \"wahvab98f654-a5db-42f5-9f06-bac59a35bfa8\",\r\n      \"location\": \"westus\",\r\n      \"properties\": {\r\n        \"provisioningState\": \"Succeeded\"\r\n      }\r\n    },\r\n    {\r\n      \"id\": \"/subscriptions/6999e4d0-cfde-46a3-9092-35dc7a28b5d4/resourceGroups/wahve3c5a0da-49d8-4dd3-8715-89ebdcc4d10c\",\r\n      \"name\": \"wahve3c5a0da-49d8-4dd3-8715-89ebdcc4d10c\",\r\n      \"location\": \"westus\",\r\n      \"properties\": {\r\n        \"provisioningState\": \"Succeeded\"\r\n      }\r\n    },\r\n    {\r\n      \"id\": \"/subscriptions/6999e4d0-cfde-46a3-9092-35dc7a28b5d4/resourceGroups/wahvf8e502c8-8f13-4022-90cb-b638364e1206\",\r\n      \"name\": \"wahvf8e502c8-8f13-4022-90cb-b638364e1206\",\r\n      \"location\": \"westus\",\r\n      \"properties\": {\r\n        \"provisioningState\": \"Succeeded\"\r\n      }\r\n    },\r\n    {\r\n      \"id\": \"/subscriptions/6999e4d0-cfde-46a3-9092-35dc7a28b5d4/resourceGroups/wahvf9e4ef36-0eb8-417a-8bf6-2e83c099a4e0\",\r\n      \"name\": \"wahvf9e4ef36-0eb8-417a-8bf6-2e83c099a4e0\",\r\n      \"location\": \"westus\",\r\n      \"properties\": {\r\n        \"provisioningState\": \"Succeeded\"\r\n      }\r\n    }\r\n  ]\r\n}",
      "ResponseHeaders": {
        "Content-Length": [
          "8492"
        ],
        "Content-Type": [
          "application/json; charset=utf-8"
        ],
        "Expires": [
          "-1"
        ],
        "Pragma": [
          "no-cache"
        ],
        "x-ms-ratelimit-remaining-subscription-reads": [
          "14906"
        ],
        "x-ms-request-id": [
          "8f36feb6-186e-45c2-a99d-774a37fcb3ca"
        ],
        "x-ms-correlation-request-id": [
          "8f36feb6-186e-45c2-a99d-774a37fcb3ca"
        ],
        "x-ms-routing-request-id": [
          "CENTRALUS:20160413T054324Z:8f36feb6-186e-45c2-a99d-774a37fcb3ca"
        ],
        "Strict-Transport-Security": [
          "max-age=31536000; includeSubDomains"
        ],
        "Cache-Control": [
          "no-cache"
        ],
        "Date": [
          "Wed, 13 Apr 2016 05:43:23 GMT"
        ]
      },
      "StatusCode": 200
    },
    {
      "RequestUri": "/Subscriptions/6999e4d0-cfde-46a3-9092-35dc7a28b5d4/resourceGroups/AAAAA/providers/Microsoft.RecoveryServicesBVTD/vaults?api-version=2015-11-10",
      "EncodedRequestUri": "L1N1YnNjcmlwdGlvbnMvNjk5OWU0ZDAtY2ZkZS00NmEzLTkwOTItMzVkYzdhMjhiNWQ0L3Jlc291cmNlR3JvdXBzL0FBQUFBL3Byb3ZpZGVycy9NaWNyb3NvZnQuUmVjb3ZlcnlTZXJ2aWNlc0JWVEQvdmF1bHRzP2FwaS12ZXJzaW9uPTIwMTUtMTEtMTA=",
      "RequestMethod": "GET",
      "RequestBody": "",
      "RequestHeaders": {
        "x-ms-client-request-id": [
          "ba8ac304-fcce-4c7e-891e-8b1bd76aa615-2016-04-13 05:43:24Z-P"
        ],
        "x-ms-version": [
          "2015-01-01"
        ],
        "User-Agent": [
          "Microsoft.Azure.Management.RecoveryServices.RecoveryServicesManagementClient/1.0.0.0"
        ]
      },
      "ResponseBody": "{\r\n  \"value\": []\r\n}",
      "ResponseHeaders": {
        "Content-Length": [
          "12"
        ],
        "Content-Type": [
          "application/json"
        ],
        "Expires": [
          "-1"
        ],
        "Pragma": [
          "no-cache"
        ],
        "x-ms-request-id": [
          "78795f3f-ab2c-4ca1-b487-e8bf53bede36"
        ],
        "x-ms-client-request-id": [
          "ba8ac304-fcce-4c7e-891e-8b1bd76aa615-2016-04-13 05:43:24Z-P"
        ],
        "Strict-Transport-Security": [
          "max-age=31536000; includeSubDomains"
        ],
        "x-ms-ratelimit-remaining-subscription-reads": [
          "14905"
        ],
        "x-ms-correlation-request-id": [
          "78795f3f-ab2c-4ca1-b487-e8bf53bede36"
        ],
        "x-ms-routing-request-id": [
          "CENTRALUS:20160413T054326Z:78795f3f-ab2c-4ca1-b487-e8bf53bede36"
        ],
        "Cache-Control": [
          "no-cache"
        ],
        "Date": [
          "Wed, 13 Apr 2016 05:43:26 GMT"
        ],
        "Server": [
          "Microsoft-IIS/8.0"
        ]
      },
      "StatusCode": 200
    },
    {
      "RequestUri": "/Subscriptions/6999e4d0-cfde-46a3-9092-35dc7a28b5d4/resourceGroups/CisService-BXZGB7XVJWIHQDPU5ZNZRUQVRYRUQ7N3ONQLECALOWU7L7O4DWZQ-west-us/providers/Microsoft.RecoveryServicesBVTD/vaults?api-version=2015-11-10",
      "EncodedRequestUri": "L1N1YnNjcmlwdGlvbnMvNjk5OWU0ZDAtY2ZkZS00NmEzLTkwOTItMzVkYzdhMjhiNWQ0L3Jlc291cmNlR3JvdXBzL0Npc1NlcnZpY2UtQlhaR0I3WFZKV0lIUURQVTVaTlpSVVFWUllSVVE3TjNPTlFMRUNBTE9XVTdMN080RFdaUS13ZXN0LXVzL3Byb3ZpZGVycy9NaWNyb3NvZnQuUmVjb3ZlcnlTZXJ2aWNlc0JWVEQvdmF1bHRzP2FwaS12ZXJzaW9uPTIwMTUtMTEtMTA=",
      "RequestMethod": "GET",
      "RequestBody": "",
      "RequestHeaders": {
        "x-ms-client-request-id": [
          "85702ffa-9152-4512-b911-6b5d0c4b104d-2016-04-13 05:43:26Z-P"
        ],
        "x-ms-version": [
          "2015-01-01"
        ],
        "User-Agent": [
          "Microsoft.Azure.Management.RecoveryServices.RecoveryServicesManagementClient/1.0.0.0"
        ]
      },
      "ResponseBody": "{\r\n  \"value\": []\r\n}",
      "ResponseHeaders": {
        "Content-Length": [
          "12"
        ],
        "Content-Type": [
          "application/json"
        ],
        "Expires": [
          "-1"
        ],
        "Pragma": [
          "no-cache"
        ],
        "x-ms-request-id": [
          "56e2d876-8b3d-40b7-9847-3923a23acf63"
        ],
        "x-ms-client-request-id": [
          "85702ffa-9152-4512-b911-6b5d0c4b104d-2016-04-13 05:43:26Z-P"
        ],
        "Strict-Transport-Security": [
          "max-age=31536000; includeSubDomains"
        ],
        "x-ms-ratelimit-remaining-subscription-reads": [
          "14904"
        ],
        "x-ms-correlation-request-id": [
          "56e2d876-8b3d-40b7-9847-3923a23acf63"
        ],
        "x-ms-routing-request-id": [
          "CENTRALUS:20160413T054326Z:56e2d876-8b3d-40b7-9847-3923a23acf63"
        ],
        "Cache-Control": [
          "no-cache"
        ],
        "Date": [
          "Wed, 13 Apr 2016 05:43:26 GMT"
        ],
        "Server": [
          "Microsoft-IIS/8.0"
        ]
      },
      "StatusCode": 200
    },
    {
      "RequestUri": "/Subscriptions/6999e4d0-cfde-46a3-9092-35dc7a28b5d4/resourceGroups/Default-IntelligentSystems-WestUS/providers/Microsoft.RecoveryServicesBVTD/vaults?api-version=2015-11-10",
      "EncodedRequestUri": "L1N1YnNjcmlwdGlvbnMvNjk5OWU0ZDAtY2ZkZS00NmEzLTkwOTItMzVkYzdhMjhiNWQ0L3Jlc291cmNlR3JvdXBzL0RlZmF1bHQtSW50ZWxsaWdlbnRTeXN0ZW1zLVdlc3RVUy9wcm92aWRlcnMvTWljcm9zb2Z0LlJlY292ZXJ5U2VydmljZXNCVlREL3ZhdWx0cz9hcGktdmVyc2lvbj0yMDE1LTExLTEw",
      "RequestMethod": "GET",
      "RequestBody": "",
      "RequestHeaders": {
        "x-ms-client-request-id": [
          "906fc073-3efd-4886-8a1e-ea03906f74d3-2016-04-13 05:43:26Z-P"
        ],
        "x-ms-version": [
          "2015-01-01"
        ],
        "User-Agent": [
          "Microsoft.Azure.Management.RecoveryServices.RecoveryServicesManagementClient/1.0.0.0"
        ]
      },
      "ResponseBody": "{\r\n  \"value\": []\r\n}",
      "ResponseHeaders": {
        "Content-Length": [
          "12"
        ],
        "Content-Type": [
          "application/json"
        ],
        "Expires": [
          "-1"
        ],
        "Pragma": [
          "no-cache"
        ],
        "x-ms-request-id": [
          "002ce0ae-76fb-4e8b-ba9c-29ed78819a87"
        ],
        "x-ms-client-request-id": [
          "906fc073-3efd-4886-8a1e-ea03906f74d3-2016-04-13 05:43:26Z-P"
        ],
        "Strict-Transport-Security": [
          "max-age=31536000; includeSubDomains"
        ],
        "x-ms-ratelimit-remaining-subscription-reads": [
          "14903"
        ],
        "x-ms-correlation-request-id": [
          "002ce0ae-76fb-4e8b-ba9c-29ed78819a87"
        ],
        "x-ms-routing-request-id": [
          "CENTRALUS:20160413T054327Z:002ce0ae-76fb-4e8b-ba9c-29ed78819a87"
        ],
        "Cache-Control": [
          "no-cache"
        ],
        "Date": [
          "Wed, 13 Apr 2016 05:43:27 GMT"
        ],
        "Server": [
          "Microsoft-IIS/8.0"
        ]
      },
      "StatusCode": 200
    },
    {
      "RequestUri": "/Subscriptions/6999e4d0-cfde-46a3-9092-35dc7a28b5d4/resourceGroups/Default-Networking/providers/Microsoft.RecoveryServicesBVTD/vaults?api-version=2015-11-10",
      "EncodedRequestUri": "L1N1YnNjcmlwdGlvbnMvNjk5OWU0ZDAtY2ZkZS00NmEzLTkwOTItMzVkYzdhMjhiNWQ0L3Jlc291cmNlR3JvdXBzL0RlZmF1bHQtTmV0d29ya2luZy9wcm92aWRlcnMvTWljcm9zb2Z0LlJlY292ZXJ5U2VydmljZXNCVlREL3ZhdWx0cz9hcGktdmVyc2lvbj0yMDE1LTExLTEw",
      "RequestMethod": "GET",
      "RequestBody": "",
      "RequestHeaders": {
        "x-ms-client-request-id": [
          "3a1ca0d0-54be-4e8a-88b2-8eb191ef217d-2016-04-13 05:43:27Z-P"
        ],
        "x-ms-version": [
          "2015-01-01"
        ],
        "User-Agent": [
          "Microsoft.Azure.Management.RecoveryServices.RecoveryServicesManagementClient/1.0.0.0"
        ]
      },
      "ResponseBody": "{\r\n  \"value\": []\r\n}",
      "ResponseHeaders": {
        "Content-Length": [
          "12"
        ],
        "Content-Type": [
          "application/json"
        ],
        "Expires": [
          "-1"
        ],
        "Pragma": [
          "no-cache"
        ],
        "x-ms-request-id": [
          "5371aa87-6dda-4154-9616-9f81845b36d6"
        ],
        "x-ms-client-request-id": [
          "3a1ca0d0-54be-4e8a-88b2-8eb191ef217d-2016-04-13 05:43:27Z-P"
        ],
        "Strict-Transport-Security": [
          "max-age=31536000; includeSubDomains"
        ],
        "x-ms-ratelimit-remaining-subscription-reads": [
          "14902"
        ],
        "x-ms-correlation-request-id": [
          "5371aa87-6dda-4154-9616-9f81845b36d6"
        ],
        "x-ms-routing-request-id": [
          "CENTRALUS:20160413T054327Z:5371aa87-6dda-4154-9616-9f81845b36d6"
        ],
        "Cache-Control": [
          "no-cache"
        ],
        "Date": [
          "Wed, 13 Apr 2016 05:43:27 GMT"
        ],
        "Server": [
          "Microsoft-IIS/8.0"
        ]
      },
      "StatusCode": 200
    },
    {
      "RequestUri": "/Subscriptions/6999e4d0-cfde-46a3-9092-35dc7a28b5d4/resourceGroups/Default-ServiceBus-SouthCentralUS/providers/Microsoft.RecoveryServicesBVTD/vaults?api-version=2015-11-10",
      "EncodedRequestUri": "L1N1YnNjcmlwdGlvbnMvNjk5OWU0ZDAtY2ZkZS00NmEzLTkwOTItMzVkYzdhMjhiNWQ0L3Jlc291cmNlR3JvdXBzL0RlZmF1bHQtU2VydmljZUJ1cy1Tb3V0aENlbnRyYWxVUy9wcm92aWRlcnMvTWljcm9zb2Z0LlJlY292ZXJ5U2VydmljZXNCVlREL3ZhdWx0cz9hcGktdmVyc2lvbj0yMDE1LTExLTEw",
      "RequestMethod": "GET",
      "RequestBody": "",
      "RequestHeaders": {
        "x-ms-client-request-id": [
          "c6a99560-505e-4191-84a4-e2f2f41ca1ba-2016-04-13 05:43:27Z-P"
        ],
        "x-ms-version": [
          "2015-01-01"
        ],
        "User-Agent": [
          "Microsoft.Azure.Management.RecoveryServices.RecoveryServicesManagementClient/1.0.0.0"
        ]
      },
      "ResponseBody": "{\r\n  \"value\": []\r\n}",
      "ResponseHeaders": {
        "Content-Length": [
          "12"
        ],
        "Content-Type": [
          "application/json"
        ],
        "Expires": [
          "-1"
        ],
        "Pragma": [
          "no-cache"
        ],
        "x-ms-request-id": [
          "9627a488-b97a-4b2f-b28a-b24bd640271e"
        ],
        "x-ms-client-request-id": [
          "c6a99560-505e-4191-84a4-e2f2f41ca1ba-2016-04-13 05:43:27Z-P"
        ],
        "Strict-Transport-Security": [
          "max-age=31536000; includeSubDomains"
        ],
        "x-ms-ratelimit-remaining-subscription-reads": [
          "14901"
        ],
        "x-ms-correlation-request-id": [
          "9627a488-b97a-4b2f-b28a-b24bd640271e"
        ],
        "x-ms-routing-request-id": [
          "CENTRALUS:20160413T054328Z:9627a488-b97a-4b2f-b28a-b24bd640271e"
        ],
        "Cache-Control": [
          "no-cache"
        ],
        "Date": [
          "Wed, 13 Apr 2016 05:43:28 GMT"
        ],
        "Server": [
          "Microsoft-IIS/8.0"
        ]
      },
      "StatusCode": 200
    },
    {
      "RequestUri": "/Subscriptions/6999e4d0-cfde-46a3-9092-35dc7a28b5d4/resourceGroups/Default-Storage-NorthCentralUS/providers/Microsoft.RecoveryServicesBVTD/vaults?api-version=2015-11-10",
      "EncodedRequestUri": "L1N1YnNjcmlwdGlvbnMvNjk5OWU0ZDAtY2ZkZS00NmEzLTkwOTItMzVkYzdhMjhiNWQ0L3Jlc291cmNlR3JvdXBzL0RlZmF1bHQtU3RvcmFnZS1Ob3J0aENlbnRyYWxVUy9wcm92aWRlcnMvTWljcm9zb2Z0LlJlY292ZXJ5U2VydmljZXNCVlREL3ZhdWx0cz9hcGktdmVyc2lvbj0yMDE1LTExLTEw",
      "RequestMethod": "GET",
      "RequestBody": "",
      "RequestHeaders": {
        "x-ms-client-request-id": [
          "eaaf5206-bb73-4faa-8f1f-bd7766e1c45e-2016-04-13 05:43:28Z-P"
        ],
        "x-ms-version": [
          "2015-01-01"
        ],
        "User-Agent": [
          "Microsoft.Azure.Management.RecoveryServices.RecoveryServicesManagementClient/1.0.0.0"
        ]
      },
      "ResponseBody": "{\r\n  \"value\": []\r\n}",
      "ResponseHeaders": {
        "Content-Length": [
          "12"
        ],
        "Content-Type": [
          "application/json"
        ],
        "Expires": [
          "-1"
        ],
        "Pragma": [
          "no-cache"
        ],
        "x-ms-request-id": [
          "27b3565b-d9cb-4f44-b70c-d01b68279a4d"
        ],
        "x-ms-client-request-id": [
          "eaaf5206-bb73-4faa-8f1f-bd7766e1c45e-2016-04-13 05:43:28Z-P"
        ],
        "Strict-Transport-Security": [
          "max-age=31536000; includeSubDomains"
        ],
        "x-ms-ratelimit-remaining-subscription-reads": [
          "14900"
        ],
        "x-ms-correlation-request-id": [
          "27b3565b-d9cb-4f44-b70c-d01b68279a4d"
        ],
        "x-ms-routing-request-id": [
          "CENTRALUS:20160413T054328Z:27b3565b-d9cb-4f44-b70c-d01b68279a4d"
        ],
        "Cache-Control": [
          "no-cache"
        ],
        "Date": [
          "Wed, 13 Apr 2016 05:43:28 GMT"
        ],
        "Server": [
          "Microsoft-IIS/8.0"
        ]
      },
      "StatusCode": 200
    },
    {
      "RequestUri": "/Subscriptions/6999e4d0-cfde-46a3-9092-35dc7a28b5d4/resourceGroups/Default-Storage-WestUS/providers/Microsoft.RecoveryServicesBVTD/vaults?api-version=2015-11-10",
      "EncodedRequestUri": "L1N1YnNjcmlwdGlvbnMvNjk5OWU0ZDAtY2ZkZS00NmEzLTkwOTItMzVkYzdhMjhiNWQ0L3Jlc291cmNlR3JvdXBzL0RlZmF1bHQtU3RvcmFnZS1XZXN0VVMvcHJvdmlkZXJzL01pY3Jvc29mdC5SZWNvdmVyeVNlcnZpY2VzQlZURC92YXVsdHM/YXBpLXZlcnNpb249MjAxNS0xMS0xMA==",
      "RequestMethod": "GET",
      "RequestBody": "",
      "RequestHeaders": {
        "x-ms-client-request-id": [
          "3c052a5a-f899-4c41-8dd5-30fdf2bd9782-2016-04-13 05:43:28Z-P"
        ],
        "x-ms-version": [
          "2015-01-01"
        ],
        "User-Agent": [
          "Microsoft.Azure.Management.RecoveryServices.RecoveryServicesManagementClient/1.0.0.0"
        ]
      },
      "ResponseBody": "{\r\n  \"value\": []\r\n}",
      "ResponseHeaders": {
        "Content-Length": [
          "12"
        ],
        "Content-Type": [
          "application/json"
        ],
        "Expires": [
          "-1"
        ],
        "Pragma": [
          "no-cache"
        ],
        "x-ms-request-id": [
          "ac0e95d6-3f20-4736-bccf-e79e1196cc76"
        ],
        "x-ms-client-request-id": [
          "3c052a5a-f899-4c41-8dd5-30fdf2bd9782-2016-04-13 05:43:28Z-P"
        ],
        "Strict-Transport-Security": [
          "max-age=31536000; includeSubDomains"
        ],
        "x-ms-ratelimit-remaining-subscription-reads": [
          "14899"
        ],
        "x-ms-correlation-request-id": [
          "ac0e95d6-3f20-4736-bccf-e79e1196cc76"
        ],
        "x-ms-routing-request-id": [
          "CENTRALUS:20160413T054329Z:ac0e95d6-3f20-4736-bccf-e79e1196cc76"
        ],
        "Cache-Control": [
          "no-cache"
        ],
        "Date": [
          "Wed, 13 Apr 2016 05:43:29 GMT"
        ],
        "Server": [
          "Microsoft-IIS/8.0"
        ]
      },
      "StatusCode": 200
    },
    {
      "RequestUri": "/Subscriptions/6999e4d0-cfde-46a3-9092-35dc7a28b5d4/resourceGroups/Group/providers/Microsoft.RecoveryServicesBVTD/vaults?api-version=2015-11-10",
      "EncodedRequestUri": "L1N1YnNjcmlwdGlvbnMvNjk5OWU0ZDAtY2ZkZS00NmEzLTkwOTItMzVkYzdhMjhiNWQ0L3Jlc291cmNlR3JvdXBzL0dyb3VwL3Byb3ZpZGVycy9NaWNyb3NvZnQuUmVjb3ZlcnlTZXJ2aWNlc0JWVEQvdmF1bHRzP2FwaS12ZXJzaW9uPTIwMTUtMTEtMTA=",
      "RequestMethod": "GET",
      "RequestBody": "",
      "RequestHeaders": {
        "x-ms-client-request-id": [
          "d880ffc4-5f63-4e1f-96b5-bacf255d77d1-2016-04-13 05:43:29Z-P"
        ],
        "x-ms-version": [
          "2015-01-01"
        ],
        "User-Agent": [
          "Microsoft.Azure.Management.RecoveryServices.RecoveryServicesManagementClient/1.0.0.0"
        ]
      },
      "ResponseBody": "{\r\n  \"value\": []\r\n}",
      "ResponseHeaders": {
        "Content-Length": [
          "12"
        ],
        "Content-Type": [
          "application/json"
        ],
        "Expires": [
          "-1"
        ],
        "Pragma": [
          "no-cache"
        ],
        "x-ms-request-id": [
          "fe253eb5-b519-4d55-a9f8-322ee2a4e1cb"
        ],
        "x-ms-client-request-id": [
          "d880ffc4-5f63-4e1f-96b5-bacf255d77d1-2016-04-13 05:43:29Z-P"
        ],
        "Strict-Transport-Security": [
          "max-age=31536000; includeSubDomains"
        ],
        "x-ms-ratelimit-remaining-subscription-reads": [
          "14898"
        ],
        "x-ms-correlation-request-id": [
          "fe253eb5-b519-4d55-a9f8-322ee2a4e1cb"
        ],
        "x-ms-routing-request-id": [
          "CENTRALUS:20160413T054329Z:fe253eb5-b519-4d55-a9f8-322ee2a4e1cb"
        ],
        "Cache-Control": [
          "no-cache"
        ],
        "Date": [
          "Wed, 13 Apr 2016 05:43:29 GMT"
        ],
        "Server": [
          "Microsoft-IIS/8.0"
        ]
      },
      "StatusCode": 200
    },
    {
      "RequestUri": "/Subscriptions/6999e4d0-cfde-46a3-9092-35dc7a28b5d4/resourceGroups/Group-1/providers/Microsoft.RecoveryServicesBVTD/vaults?api-version=2015-11-10",
      "EncodedRequestUri": "L1N1YnNjcmlwdGlvbnMvNjk5OWU0ZDAtY2ZkZS00NmEzLTkwOTItMzVkYzdhMjhiNWQ0L3Jlc291cmNlR3JvdXBzL0dyb3VwLTEvcHJvdmlkZXJzL01pY3Jvc29mdC5SZWNvdmVyeVNlcnZpY2VzQlZURC92YXVsdHM/YXBpLXZlcnNpb249MjAxNS0xMS0xMA==",
      "RequestMethod": "GET",
      "RequestBody": "",
      "RequestHeaders": {
        "x-ms-client-request-id": [
          "1640779f-6a23-459d-8162-cd851bb83ff5-2016-04-13 05:43:29Z-P"
        ],
        "x-ms-version": [
          "2015-01-01"
        ],
        "User-Agent": [
          "Microsoft.Azure.Management.RecoveryServices.RecoveryServicesManagementClient/1.0.0.0"
        ]
      },
      "ResponseBody": "{\r\n  \"value\": []\r\n}",
      "ResponseHeaders": {
        "Content-Length": [
          "12"
        ],
        "Content-Type": [
          "application/json"
        ],
        "Expires": [
          "-1"
        ],
        "Pragma": [
          "no-cache"
        ],
        "x-ms-request-id": [
          "78268b2a-b68c-46f5-879d-52cf0aa16910"
        ],
        "x-ms-client-request-id": [
          "1640779f-6a23-459d-8162-cd851bb83ff5-2016-04-13 05:43:29Z-P"
        ],
        "Strict-Transport-Security": [
          "max-age=31536000; includeSubDomains"
        ],
        "x-ms-ratelimit-remaining-subscription-reads": [
          "14897"
        ],
        "x-ms-correlation-request-id": [
          "78268b2a-b68c-46f5-879d-52cf0aa16910"
        ],
        "x-ms-routing-request-id": [
          "CENTRALUS:20160413T054330Z:78268b2a-b68c-46f5-879d-52cf0aa16910"
        ],
        "Cache-Control": [
          "no-cache"
        ],
        "Date": [
          "Wed, 13 Apr 2016 05:43:30 GMT"
        ],
        "Server": [
          "Microsoft-IIS/8.0"
        ]
      },
      "StatusCode": 200
    },
    {
      "RequestUri": "/Subscriptions/6999e4d0-cfde-46a3-9092-35dc7a28b5d4/resourceGroups/Group-2/providers/Microsoft.RecoveryServicesBVTD/vaults?api-version=2015-11-10",
      "EncodedRequestUri": "L1N1YnNjcmlwdGlvbnMvNjk5OWU0ZDAtY2ZkZS00NmEzLTkwOTItMzVkYzdhMjhiNWQ0L3Jlc291cmNlR3JvdXBzL0dyb3VwLTIvcHJvdmlkZXJzL01pY3Jvc29mdC5SZWNvdmVyeVNlcnZpY2VzQlZURC92YXVsdHM/YXBpLXZlcnNpb249MjAxNS0xMS0xMA==",
      "RequestMethod": "GET",
      "RequestBody": "",
      "RequestHeaders": {
        "x-ms-client-request-id": [
          "e1baf47b-2e11-43b7-84f6-ca486be5976c-2016-04-13 05:43:30Z-P"
        ],
        "x-ms-version": [
          "2015-01-01"
        ],
        "User-Agent": [
          "Microsoft.Azure.Management.RecoveryServices.RecoveryServicesManagementClient/1.0.0.0"
        ]
      },
      "ResponseBody": "{\r\n  \"value\": []\r\n}",
      "ResponseHeaders": {
        "Content-Length": [
          "12"
        ],
        "Content-Type": [
          "application/json"
        ],
        "Expires": [
          "-1"
        ],
        "Pragma": [
          "no-cache"
        ],
        "x-ms-request-id": [
          "fa61e011-18e9-4441-83f8-831a4ac175f0"
        ],
        "x-ms-client-request-id": [
          "e1baf47b-2e11-43b7-84f6-ca486be5976c-2016-04-13 05:43:30Z-P"
        ],
        "Strict-Transport-Security": [
          "max-age=31536000; includeSubDomains"
        ],
        "x-ms-ratelimit-remaining-subscription-reads": [
          "14896"
        ],
        "x-ms-correlation-request-id": [
          "fa61e011-18e9-4441-83f8-831a4ac175f0"
        ],
        "x-ms-routing-request-id": [
          "CENTRALUS:20160413T054330Z:fa61e011-18e9-4441-83f8-831a4ac175f0"
        ],
        "Cache-Control": [
          "no-cache"
        ],
        "Date": [
          "Wed, 13 Apr 2016 05:43:30 GMT"
        ],
        "Server": [
          "Microsoft-IIS/8.0"
        ]
      },
      "StatusCode": 200
    },
    {
      "RequestUri": "/Subscriptions/6999e4d0-cfde-46a3-9092-35dc7a28b5d4/resourceGroups/Group-3/providers/Microsoft.RecoveryServicesBVTD/vaults?api-version=2015-11-10",
      "EncodedRequestUri": "L1N1YnNjcmlwdGlvbnMvNjk5OWU0ZDAtY2ZkZS00NmEzLTkwOTItMzVkYzdhMjhiNWQ0L3Jlc291cmNlR3JvdXBzL0dyb3VwLTMvcHJvdmlkZXJzL01pY3Jvc29mdC5SZWNvdmVyeVNlcnZpY2VzQlZURC92YXVsdHM/YXBpLXZlcnNpb249MjAxNS0xMS0xMA==",
      "RequestMethod": "GET",
      "RequestBody": "",
      "RequestHeaders": {
        "x-ms-client-request-id": [
          "032bca42-0890-4094-8256-8b29e785705d-2016-04-13 05:43:30Z-P"
        ],
        "x-ms-version": [
          "2015-01-01"
        ],
        "User-Agent": [
          "Microsoft.Azure.Management.RecoveryServices.RecoveryServicesManagementClient/1.0.0.0"
        ]
      },
      "ResponseBody": "{\r\n  \"value\": []\r\n}",
      "ResponseHeaders": {
        "Content-Length": [
          "12"
        ],
        "Content-Type": [
          "application/json"
        ],
        "Expires": [
          "-1"
        ],
        "Pragma": [
          "no-cache"
        ],
        "x-ms-request-id": [
          "fe45d14f-2b92-4feb-a801-07c7cbda04b3"
        ],
        "x-ms-client-request-id": [
          "032bca42-0890-4094-8256-8b29e785705d-2016-04-13 05:43:30Z-P"
        ],
        "Strict-Transport-Security": [
          "max-age=31536000; includeSubDomains"
        ],
        "x-ms-ratelimit-remaining-subscription-reads": [
          "14895"
        ],
        "x-ms-correlation-request-id": [
          "fe45d14f-2b92-4feb-a801-07c7cbda04b3"
        ],
        "x-ms-routing-request-id": [
          "CENTRALUS:20160413T054331Z:fe45d14f-2b92-4feb-a801-07c7cbda04b3"
        ],
        "Cache-Control": [
          "no-cache"
        ],
        "Date": [
          "Wed, 13 Apr 2016 05:43:31 GMT"
        ],
        "Server": [
          "Microsoft-IIS/8.0"
        ]
      },
      "StatusCode": 200
    },
    {
      "RequestUri": "/Subscriptions/6999e4d0-cfde-46a3-9092-35dc7a28b5d4/resourceGroups/Group-4/providers/Microsoft.RecoveryServicesBVTD/vaults?api-version=2015-11-10",
      "EncodedRequestUri": "L1N1YnNjcmlwdGlvbnMvNjk5OWU0ZDAtY2ZkZS00NmEzLTkwOTItMzVkYzdhMjhiNWQ0L3Jlc291cmNlR3JvdXBzL0dyb3VwLTQvcHJvdmlkZXJzL01pY3Jvc29mdC5SZWNvdmVyeVNlcnZpY2VzQlZURC92YXVsdHM/YXBpLXZlcnNpb249MjAxNS0xMS0xMA==",
      "RequestMethod": "GET",
      "RequestBody": "",
      "RequestHeaders": {
        "x-ms-client-request-id": [
          "921e2902-d75d-4345-ab0f-43cc3f8f66e1-2016-04-13 05:43:31Z-P"
        ],
        "x-ms-version": [
          "2015-01-01"
        ],
        "User-Agent": [
          "Microsoft.Azure.Management.RecoveryServices.RecoveryServicesManagementClient/1.0.0.0"
        ]
      },
      "ResponseBody": "{\r\n  \"value\": []\r\n}",
      "ResponseHeaders": {
        "Content-Length": [
          "12"
        ],
        "Content-Type": [
          "application/json"
        ],
        "Expires": [
          "-1"
        ],
        "Pragma": [
          "no-cache"
        ],
        "x-ms-request-id": [
          "454cb6cb-bce7-4e09-8c2c-41793dd6a98c"
        ],
        "x-ms-client-request-id": [
          "921e2902-d75d-4345-ab0f-43cc3f8f66e1-2016-04-13 05:43:31Z-P"
        ],
        "Strict-Transport-Security": [
          "max-age=31536000; includeSubDomains"
        ],
        "x-ms-ratelimit-remaining-subscription-reads": [
          "14894"
        ],
        "x-ms-correlation-request-id": [
          "454cb6cb-bce7-4e09-8c2c-41793dd6a98c"
        ],
        "x-ms-routing-request-id": [
          "CENTRALUS:20160413T054331Z:454cb6cb-bce7-4e09-8c2c-41793dd6a98c"
        ],
        "Cache-Control": [
          "no-cache"
        ],
        "Date": [
          "Wed, 13 Apr 2016 05:43:31 GMT"
        ],
        "Server": [
          "Microsoft-IIS/8.0"
        ]
      },
      "StatusCode": 200
    },
    {
      "RequestUri": "/Subscriptions/6999e4d0-cfde-46a3-9092-35dc7a28b5d4/resourceGroups/Group-5/providers/Microsoft.RecoveryServicesBVTD/vaults?api-version=2015-11-10",
      "EncodedRequestUri": "L1N1YnNjcmlwdGlvbnMvNjk5OWU0ZDAtY2ZkZS00NmEzLTkwOTItMzVkYzdhMjhiNWQ0L3Jlc291cmNlR3JvdXBzL0dyb3VwLTUvcHJvdmlkZXJzL01pY3Jvc29mdC5SZWNvdmVyeVNlcnZpY2VzQlZURC92YXVsdHM/YXBpLXZlcnNpb249MjAxNS0xMS0xMA==",
      "RequestMethod": "GET",
      "RequestBody": "",
      "RequestHeaders": {
        "x-ms-client-request-id": [
          "21bd6056-6747-4cb8-94e2-23a75675da2b-2016-04-13 05:43:31Z-P"
        ],
        "x-ms-version": [
          "2015-01-01"
        ],
        "User-Agent": [
          "Microsoft.Azure.Management.RecoveryServices.RecoveryServicesManagementClient/1.0.0.0"
        ]
      },
      "ResponseBody": "{\r\n  \"value\": []\r\n}",
      "ResponseHeaders": {
        "Content-Length": [
          "12"
        ],
        "Content-Type": [
          "application/json"
        ],
        "Expires": [
          "-1"
        ],
        "Pragma": [
          "no-cache"
        ],
        "x-ms-request-id": [
          "1eae157a-b6da-417a-aaa9-0cd6c1db9357"
        ],
        "x-ms-client-request-id": [
          "21bd6056-6747-4cb8-94e2-23a75675da2b-2016-04-13 05:43:31Z-P"
        ],
        "Strict-Transport-Security": [
          "max-age=31536000; includeSubDomains"
        ],
        "x-ms-ratelimit-remaining-subscription-reads": [
          "14893"
        ],
        "x-ms-correlation-request-id": [
          "1eae157a-b6da-417a-aaa9-0cd6c1db9357"
        ],
        "x-ms-routing-request-id": [
          "CENTRALUS:20160413T054332Z:1eae157a-b6da-417a-aaa9-0cd6c1db9357"
        ],
        "Cache-Control": [
          "no-cache"
        ],
        "Date": [
          "Wed, 13 Apr 2016 05:43:32 GMT"
        ],
        "Server": [
          "Microsoft-IIS/8.0"
        ]
      },
      "StatusCode": 200
    },
    {
      "RequestUri": "/Subscriptions/6999e4d0-cfde-46a3-9092-35dc7a28b5d4/resourceGroups/Group-6/providers/Microsoft.RecoveryServicesBVTD/vaults?api-version=2015-11-10",
      "EncodedRequestUri": "L1N1YnNjcmlwdGlvbnMvNjk5OWU0ZDAtY2ZkZS00NmEzLTkwOTItMzVkYzdhMjhiNWQ0L3Jlc291cmNlR3JvdXBzL0dyb3VwLTYvcHJvdmlkZXJzL01pY3Jvc29mdC5SZWNvdmVyeVNlcnZpY2VzQlZURC92YXVsdHM/YXBpLXZlcnNpb249MjAxNS0xMS0xMA==",
      "RequestMethod": "GET",
      "RequestBody": "",
      "RequestHeaders": {
        "x-ms-client-request-id": [
          "02a7d96b-3c72-47ba-b899-d294cca8d8ae-2016-04-13 05:43:33Z-P"
        ],
        "x-ms-version": [
          "2015-01-01"
        ],
        "User-Agent": [
          "Microsoft.Azure.Management.RecoveryServices.RecoveryServicesManagementClient/1.0.0.0"
        ]
      },
      "ResponseBody": "{\r\n  \"value\": []\r\n}",
      "ResponseHeaders": {
        "Content-Length": [
          "12"
        ],
        "Content-Type": [
          "application/json"
        ],
        "Expires": [
          "-1"
        ],
        "Pragma": [
          "no-cache"
        ],
        "x-ms-request-id": [
          "2d66b5bc-df2b-4196-bb17-5c75b0acd49f"
        ],
        "x-ms-client-request-id": [
          "02a7d96b-3c72-47ba-b899-d294cca8d8ae-2016-04-13 05:43:33Z-P"
        ],
        "Strict-Transport-Security": [
          "max-age=31536000; includeSubDomains"
        ],
        "x-ms-ratelimit-remaining-subscription-reads": [
          "14892"
        ],
        "x-ms-correlation-request-id": [
          "2d66b5bc-df2b-4196-bb17-5c75b0acd49f"
        ],
        "x-ms-routing-request-id": [
          "CENTRALUS:20160413T054333Z:2d66b5bc-df2b-4196-bb17-5c75b0acd49f"
        ],
        "Cache-Control": [
          "no-cache"
        ],
        "Date": [
          "Wed, 13 Apr 2016 05:43:33 GMT"
        ],
        "Server": [
          "Microsoft-IIS/8.0"
        ]
      },
      "StatusCode": 200
    },
    {
      "RequestUri": "/Subscriptions/6999e4d0-cfde-46a3-9092-35dc7a28b5d4/resourceGroups/Group-7/providers/Microsoft.RecoveryServicesBVTD/vaults?api-version=2015-11-10",
      "EncodedRequestUri": "L1N1YnNjcmlwdGlvbnMvNjk5OWU0ZDAtY2ZkZS00NmEzLTkwOTItMzVkYzdhMjhiNWQ0L3Jlc291cmNlR3JvdXBzL0dyb3VwLTcvcHJvdmlkZXJzL01pY3Jvc29mdC5SZWNvdmVyeVNlcnZpY2VzQlZURC92YXVsdHM/YXBpLXZlcnNpb249MjAxNS0xMS0xMA==",
      "RequestMethod": "GET",
      "RequestBody": "",
      "RequestHeaders": {
        "x-ms-client-request-id": [
          "610ea82b-4514-424c-9638-ae1f88a15b02-2016-04-13 05:43:33Z-P"
        ],
        "x-ms-version": [
          "2015-01-01"
        ],
        "User-Agent": [
          "Microsoft.Azure.Management.RecoveryServices.RecoveryServicesManagementClient/1.0.0.0"
        ]
      },
      "ResponseBody": "{\r\n  \"value\": []\r\n}",
      "ResponseHeaders": {
        "Content-Length": [
          "12"
        ],
        "Content-Type": [
          "application/json"
        ],
        "Expires": [
          "-1"
        ],
        "Pragma": [
          "no-cache"
        ],
        "x-ms-request-id": [
          "b9383330-7934-4453-aa9b-2de49c64935c"
        ],
        "x-ms-client-request-id": [
          "610ea82b-4514-424c-9638-ae1f88a15b02-2016-04-13 05:43:33Z-P"
        ],
        "Strict-Transport-Security": [
          "max-age=31536000; includeSubDomains"
        ],
        "x-ms-ratelimit-remaining-subscription-reads": [
          "14891"
        ],
        "x-ms-correlation-request-id": [
          "b9383330-7934-4453-aa9b-2de49c64935c"
        ],
        "x-ms-routing-request-id": [
          "CENTRALUS:20160413T054333Z:b9383330-7934-4453-aa9b-2de49c64935c"
        ],
        "Cache-Control": [
          "no-cache"
        ],
        "Date": [
          "Wed, 13 Apr 2016 05:43:33 GMT"
        ],
        "Server": [
          "Microsoft-IIS/8.0"
        ]
      },
      "StatusCode": 200
    },
    {
      "RequestUri": "/Subscriptions/6999e4d0-cfde-46a3-9092-35dc7a28b5d4/resourceGroups/Group-8/providers/Microsoft.RecoveryServicesBVTD/vaults?api-version=2015-11-10",
      "EncodedRequestUri": "L1N1YnNjcmlwdGlvbnMvNjk5OWU0ZDAtY2ZkZS00NmEzLTkwOTItMzVkYzdhMjhiNWQ0L3Jlc291cmNlR3JvdXBzL0dyb3VwLTgvcHJvdmlkZXJzL01pY3Jvc29mdC5SZWNvdmVyeVNlcnZpY2VzQlZURC92YXVsdHM/YXBpLXZlcnNpb249MjAxNS0xMS0xMA==",
      "RequestMethod": "GET",
      "RequestBody": "",
      "RequestHeaders": {
        "x-ms-client-request-id": [
          "823b5134-3c62-45b6-90f5-07fcffbb1cc5-2016-04-13 05:43:34Z-P"
        ],
        "x-ms-version": [
          "2015-01-01"
        ],
        "User-Agent": [
          "Microsoft.Azure.Management.RecoveryServices.RecoveryServicesManagementClient/1.0.0.0"
        ]
      },
      "ResponseBody": "{\r\n  \"value\": []\r\n}",
      "ResponseHeaders": {
        "Content-Length": [
          "12"
        ],
        "Content-Type": [
          "application/json"
        ],
        "Expires": [
          "-1"
        ],
        "Pragma": [
          "no-cache"
        ],
        "x-ms-request-id": [
          "7fd71150-504f-4055-a9b6-476abc4e19c7"
        ],
        "x-ms-client-request-id": [
          "823b5134-3c62-45b6-90f5-07fcffbb1cc5-2016-04-13 05:43:34Z-P"
        ],
        "Strict-Transport-Security": [
          "max-age=31536000; includeSubDomains"
        ],
        "x-ms-ratelimit-remaining-subscription-reads": [
          "14890"
        ],
        "x-ms-correlation-request-id": [
          "7fd71150-504f-4055-a9b6-476abc4e19c7"
        ],
        "x-ms-routing-request-id": [
          "CENTRALUS:20160413T054334Z:7fd71150-504f-4055-a9b6-476abc4e19c7"
        ],
        "Cache-Control": [
          "no-cache"
        ],
        "Date": [
          "Wed, 13 Apr 2016 05:43:34 GMT"
        ],
        "Server": [
          "Microsoft-IIS/8.0"
        ]
      },
      "StatusCode": 200
    },
    {
      "RequestUri": "/Subscriptions/6999e4d0-cfde-46a3-9092-35dc7a28b5d4/resourceGroups/intdrg/providers/Microsoft.RecoveryServicesBVTD/vaults?api-version=2015-11-10",
      "EncodedRequestUri": "L1N1YnNjcmlwdGlvbnMvNjk5OWU0ZDAtY2ZkZS00NmEzLTkwOTItMzVkYzdhMjhiNWQ0L3Jlc291cmNlR3JvdXBzL2ludGRyZy9wcm92aWRlcnMvTWljcm9zb2Z0LlJlY292ZXJ5U2VydmljZXNCVlREL3ZhdWx0cz9hcGktdmVyc2lvbj0yMDE1LTExLTEw",
      "RequestMethod": "GET",
      "RequestBody": "",
      "RequestHeaders": {
        "x-ms-client-request-id": [
          "d7b863b8-f40b-4b7b-aef5-13a4be04f264-2016-04-13 05:43:34Z-P"
        ],
        "x-ms-version": [
          "2015-01-01"
        ],
        "User-Agent": [
          "Microsoft.Azure.Management.RecoveryServices.RecoveryServicesManagementClient/1.0.0.0"
        ]
      },
      "ResponseBody": "{\r\n  \"value\": []\r\n}",
      "ResponseHeaders": {
        "Content-Length": [
          "12"
        ],
        "Content-Type": [
          "application/json"
        ],
        "Expires": [
          "-1"
        ],
        "Pragma": [
          "no-cache"
        ],
        "x-ms-request-id": [
          "75b2403a-6282-4864-9cc2-9edfcba00a7f"
        ],
        "x-ms-client-request-id": [
          "d7b863b8-f40b-4b7b-aef5-13a4be04f264-2016-04-13 05:43:34Z-P"
        ],
        "Strict-Transport-Security": [
          "max-age=31536000; includeSubDomains"
        ],
        "x-ms-ratelimit-remaining-subscription-reads": [
          "14889"
        ],
        "x-ms-correlation-request-id": [
          "75b2403a-6282-4864-9cc2-9edfcba00a7f"
        ],
        "x-ms-routing-request-id": [
          "CENTRALUS:20160413T054334Z:75b2403a-6282-4864-9cc2-9edfcba00a7f"
        ],
        "Cache-Control": [
          "no-cache"
        ],
        "Date": [
          "Wed, 13 Apr 2016 05:43:34 GMT"
        ],
        "Server": [
          "Microsoft-IIS/8.0"
        ]
      },
      "StatusCode": 200
    },
    {
      "RequestUri": "/Subscriptions/6999e4d0-cfde-46a3-9092-35dc7a28b5d4/resourceGroups/IoTHub-Default-East-US/providers/Microsoft.RecoveryServicesBVTD/vaults?api-version=2015-11-10",
      "EncodedRequestUri": "L1N1YnNjcmlwdGlvbnMvNjk5OWU0ZDAtY2ZkZS00NmEzLTkwOTItMzVkYzdhMjhiNWQ0L3Jlc291cmNlR3JvdXBzL0lvVEh1Yi1EZWZhdWx0LUVhc3QtVVMvcHJvdmlkZXJzL01pY3Jvc29mdC5SZWNvdmVyeVNlcnZpY2VzQlZURC92YXVsdHM/YXBpLXZlcnNpb249MjAxNS0xMS0xMA==",
      "RequestMethod": "GET",
      "RequestBody": "",
      "RequestHeaders": {
        "x-ms-client-request-id": [
          "183cebb8-7b5e-4f1c-b8fd-7477eb7a2684-2016-04-13 05:43:35Z-P"
        ],
        "x-ms-version": [
          "2015-01-01"
        ],
        "User-Agent": [
          "Microsoft.Azure.Management.RecoveryServices.RecoveryServicesManagementClient/1.0.0.0"
        ]
      },
      "ResponseBody": "{\r\n  \"value\": []\r\n}",
      "ResponseHeaders": {
        "Content-Length": [
          "12"
        ],
        "Content-Type": [
          "application/json"
        ],
        "Expires": [
          "-1"
        ],
        "Pragma": [
          "no-cache"
        ],
        "x-ms-request-id": [
          "816f96e5-7fdb-4017-bffc-0175c983fcb9"
        ],
        "x-ms-client-request-id": [
          "183cebb8-7b5e-4f1c-b8fd-7477eb7a2684-2016-04-13 05:43:35Z-P"
        ],
        "Strict-Transport-Security": [
          "max-age=31536000; includeSubDomains"
        ],
        "x-ms-ratelimit-remaining-subscription-reads": [
          "14888"
        ],
        "x-ms-correlation-request-id": [
          "816f96e5-7fdb-4017-bffc-0175c983fcb9"
        ],
        "x-ms-routing-request-id": [
          "CENTRALUS:20160413T054335Z:816f96e5-7fdb-4017-bffc-0175c983fcb9"
        ],
        "Cache-Control": [
          "no-cache"
        ],
        "Date": [
          "Wed, 13 Apr 2016 05:43:34 GMT"
        ],
        "Server": [
          "Microsoft-IIS/8.0"
        ]
      },
      "StatusCode": 200
    },
    {
      "RequestUri": "/Subscriptions/6999e4d0-cfde-46a3-9092-35dc7a28b5d4/resourceGroups/MobileEngagement/providers/Microsoft.RecoveryServicesBVTD/vaults?api-version=2015-11-10",
      "EncodedRequestUri": "L1N1YnNjcmlwdGlvbnMvNjk5OWU0ZDAtY2ZkZS00NmEzLTkwOTItMzVkYzdhMjhiNWQ0L3Jlc291cmNlR3JvdXBzL01vYmlsZUVuZ2FnZW1lbnQvcHJvdmlkZXJzL01pY3Jvc29mdC5SZWNvdmVyeVNlcnZpY2VzQlZURC92YXVsdHM/YXBpLXZlcnNpb249MjAxNS0xMS0xMA==",
      "RequestMethod": "GET",
      "RequestBody": "",
      "RequestHeaders": {
        "x-ms-client-request-id": [
          "0346c278-6e9d-46e8-a9d4-642ce841a0fa-2016-04-13 05:43:35Z-P"
        ],
        "x-ms-version": [
          "2015-01-01"
        ],
        "User-Agent": [
          "Microsoft.Azure.Management.RecoveryServices.RecoveryServicesManagementClient/1.0.0.0"
        ]
      },
      "ResponseBody": "{\r\n  \"value\": []\r\n}",
      "ResponseHeaders": {
        "Content-Length": [
          "12"
        ],
        "Content-Type": [
          "application/json"
        ],
        "Expires": [
          "-1"
        ],
        "Pragma": [
          "no-cache"
        ],
        "x-ms-request-id": [
          "68f267b8-0c9f-4b8d-a95b-bfbcb3fbd63c"
        ],
        "x-ms-client-request-id": [
          "0346c278-6e9d-46e8-a9d4-642ce841a0fa-2016-04-13 05:43:35Z-P"
        ],
        "Strict-Transport-Security": [
          "max-age=31536000; includeSubDomains"
        ],
        "x-ms-ratelimit-remaining-subscription-reads": [
          "14887"
        ],
        "x-ms-correlation-request-id": [
          "68f267b8-0c9f-4b8d-a95b-bfbcb3fbd63c"
        ],
        "x-ms-routing-request-id": [
          "CENTRALUS:20160413T054335Z:68f267b8-0c9f-4b8d-a95b-bfbcb3fbd63c"
        ],
        "Cache-Control": [
          "no-cache"
        ],
        "Date": [
          "Wed, 13 Apr 2016 05:43:35 GMT"
        ],
        "Server": [
          "Microsoft-IIS/8.0"
        ]
      },
      "StatusCode": 200
    },
    {
      "RequestUri": "/Subscriptions/6999e4d0-cfde-46a3-9092-35dc7a28b5d4/resourceGroups/rdfe/providers/Microsoft.RecoveryServicesBVTD/vaults?api-version=2015-11-10",
      "EncodedRequestUri": "L1N1YnNjcmlwdGlvbnMvNjk5OWU0ZDAtY2ZkZS00NmEzLTkwOTItMzVkYzdhMjhiNWQ0L3Jlc291cmNlR3JvdXBzL3JkZmUvcHJvdmlkZXJzL01pY3Jvc29mdC5SZWNvdmVyeVNlcnZpY2VzQlZURC92YXVsdHM/YXBpLXZlcnNpb249MjAxNS0xMS0xMA==",
      "RequestMethod": "GET",
      "RequestBody": "",
      "RequestHeaders": {
        "x-ms-client-request-id": [
          "7c242539-1987-4f54-b919-e879bf1d0fb9-2016-04-13 05:43:36Z-P"
        ],
        "x-ms-version": [
          "2015-01-01"
        ],
        "User-Agent": [
          "Microsoft.Azure.Management.RecoveryServices.RecoveryServicesManagementClient/1.0.0.0"
        ]
      },
      "ResponseBody": "{\r\n  \"value\": []\r\n}",
      "ResponseHeaders": {
        "Content-Length": [
          "12"
        ],
        "Content-Type": [
          "application/json"
        ],
        "Expires": [
          "-1"
        ],
        "Pragma": [
          "no-cache"
        ],
        "x-ms-request-id": [
          "f230fdac-3d49-47b7-a5fd-2c9a7eedd881"
        ],
        "x-ms-client-request-id": [
          "7c242539-1987-4f54-b919-e879bf1d0fb9-2016-04-13 05:43:36Z-P"
        ],
        "Strict-Transport-Security": [
          "max-age=31536000; includeSubDomains"
        ],
        "x-ms-ratelimit-remaining-subscription-reads": [
          "14886"
        ],
        "x-ms-correlation-request-id": [
          "f230fdac-3d49-47b7-a5fd-2c9a7eedd881"
        ],
        "x-ms-routing-request-id": [
          "CENTRALUS:20160413T054336Z:f230fdac-3d49-47b7-a5fd-2c9a7eedd881"
        ],
        "Cache-Control": [
          "no-cache"
        ],
        "Date": [
          "Wed, 13 Apr 2016 05:43:35 GMT"
        ],
        "Server": [
          "Microsoft-IIS/8.0"
        ]
      },
      "StatusCode": 200
    },
    {
      "RequestUri": "/Subscriptions/6999e4d0-cfde-46a3-9092-35dc7a28b5d4/resourceGroups/RecoveryServices-BXZGB7XVJWIHQDPU5ZNZRUQVRYRUQ7N3ONQLECALOWU7L7O4DWZQ-West-Europe/providers/Microsoft.RecoveryServicesBVTD/vaults?api-version=2015-11-10",
      "EncodedRequestUri": "L1N1YnNjcmlwdGlvbnMvNjk5OWU0ZDAtY2ZkZS00NmEzLTkwOTItMzVkYzdhMjhiNWQ0L3Jlc291cmNlR3JvdXBzL1JlY292ZXJ5U2VydmljZXMtQlhaR0I3WFZKV0lIUURQVTVaTlpSVVFWUllSVVE3TjNPTlFMRUNBTE9XVTdMN080RFdaUS1XZXN0LUV1cm9wZS9wcm92aWRlcnMvTWljcm9zb2Z0LlJlY292ZXJ5U2VydmljZXNCVlREL3ZhdWx0cz9hcGktdmVyc2lvbj0yMDE1LTExLTEw",
      "RequestMethod": "GET",
      "RequestBody": "",
      "RequestHeaders": {
        "x-ms-client-request-id": [
          "79cba948-9f4a-4c87-a952-b83bdab999ff-2016-04-13 05:43:36Z-P"
        ],
        "x-ms-version": [
          "2015-01-01"
        ],
        "User-Agent": [
          "Microsoft.Azure.Management.RecoveryServices.RecoveryServicesManagementClient/1.0.0.0"
        ]
      },
      "ResponseBody": "{\r\n  \"value\": []\r\n}",
      "ResponseHeaders": {
        "Content-Length": [
          "12"
        ],
        "Content-Type": [
          "application/json"
        ],
        "Expires": [
          "-1"
        ],
        "Pragma": [
          "no-cache"
        ],
        "x-ms-request-id": [
          "5249c4b6-47ce-4505-b763-45d030bfc1e4"
        ],
        "x-ms-client-request-id": [
          "79cba948-9f4a-4c87-a952-b83bdab999ff-2016-04-13 05:43:36Z-P"
        ],
        "Strict-Transport-Security": [
          "max-age=31536000; includeSubDomains"
        ],
        "x-ms-ratelimit-remaining-subscription-reads": [
          "14885"
        ],
        "x-ms-correlation-request-id": [
          "5249c4b6-47ce-4505-b763-45d030bfc1e4"
        ],
        "x-ms-routing-request-id": [
          "CENTRALUS:20160413T054336Z:5249c4b6-47ce-4505-b763-45d030bfc1e4"
        ],
        "Cache-Control": [
          "no-cache"
        ],
        "Date": [
          "Wed, 13 Apr 2016 05:43:36 GMT"
        ],
        "Server": [
          "Microsoft-IIS/8.0"
        ]
      },
      "StatusCode": 200
    },
    {
      "RequestUri": "/Subscriptions/6999e4d0-cfde-46a3-9092-35dc7a28b5d4/resourceGroups/RecoveryServices-BXZGB7XVJWIHQDPU5ZNZRUQVRYRUQ7N3ONQLECALOWU7L7O4DWZQ-west-us/providers/Microsoft.RecoveryServicesBVTD/vaults?api-version=2015-11-10",
      "EncodedRequestUri": "L1N1YnNjcmlwdGlvbnMvNjk5OWU0ZDAtY2ZkZS00NmEzLTkwOTItMzVkYzdhMjhiNWQ0L3Jlc291cmNlR3JvdXBzL1JlY292ZXJ5U2VydmljZXMtQlhaR0I3WFZKV0lIUURQVTVaTlpSVVFWUllSVVE3TjNPTlFMRUNBTE9XVTdMN080RFdaUS13ZXN0LXVzL3Byb3ZpZGVycy9NaWNyb3NvZnQuUmVjb3ZlcnlTZXJ2aWNlc0JWVEQvdmF1bHRzP2FwaS12ZXJzaW9uPTIwMTUtMTEtMTA=",
      "RequestMethod": "GET",
      "RequestBody": "",
      "RequestHeaders": {
        "x-ms-client-request-id": [
          "bdbb1b59-af12-4e74-ac9b-54af0f9f9ae7-2016-04-13 05:43:37Z-P"
        ],
        "x-ms-version": [
          "2015-01-01"
        ],
        "User-Agent": [
          "Microsoft.Azure.Management.RecoveryServices.RecoveryServicesManagementClient/1.0.0.0"
        ]
      },
      "ResponseBody": "{\r\n  \"value\": []\r\n}",
      "ResponseHeaders": {
        "Content-Length": [
          "12"
        ],
        "Content-Type": [
          "application/json"
        ],
        "Expires": [
          "-1"
        ],
        "Pragma": [
          "no-cache"
        ],
        "x-ms-request-id": [
          "be8b4ebf-60b6-4e70-b554-2940fd94814b"
        ],
        "x-ms-client-request-id": [
          "bdbb1b59-af12-4e74-ac9b-54af0f9f9ae7-2016-04-13 05:43:37Z-P"
        ],
        "Strict-Transport-Security": [
          "max-age=31536000; includeSubDomains"
        ],
        "x-ms-ratelimit-remaining-subscription-reads": [
          "14884"
        ],
        "x-ms-correlation-request-id": [
          "be8b4ebf-60b6-4e70-b554-2940fd94814b"
        ],
        "x-ms-routing-request-id": [
          "CENTRALUS:20160413T054337Z:be8b4ebf-60b6-4e70-b554-2940fd94814b"
        ],
        "Cache-Control": [
          "no-cache"
        ],
        "Date": [
          "Wed, 13 Apr 2016 05:43:36 GMT"
        ],
        "Server": [
          "Microsoft-IIS/8.0"
        ]
      },
      "StatusCode": 200
    },
    {
      "RequestUri": "/Subscriptions/6999e4d0-cfde-46a3-9092-35dc7a28b5d4/resourceGroups/resourcegroup/providers/Microsoft.RecoveryServicesBVTD/vaults?api-version=2015-11-10",
      "EncodedRequestUri": "L1N1YnNjcmlwdGlvbnMvNjk5OWU0ZDAtY2ZkZS00NmEzLTkwOTItMzVkYzdhMjhiNWQ0L3Jlc291cmNlR3JvdXBzL3Jlc291cmNlZ3JvdXAvcHJvdmlkZXJzL01pY3Jvc29mdC5SZWNvdmVyeVNlcnZpY2VzQlZURC92YXVsdHM/YXBpLXZlcnNpb249MjAxNS0xMS0xMA==",
      "RequestMethod": "GET",
      "RequestBody": "",
      "RequestHeaders": {
        "x-ms-client-request-id": [
          "ddb32872-1476-400f-8333-a6814cfd8f90-2016-04-13 05:43:37Z-P"
        ],
        "x-ms-version": [
          "2015-01-01"
        ],
        "User-Agent": [
          "Microsoft.Azure.Management.RecoveryServices.RecoveryServicesManagementClient/1.0.0.0"
        ]
      },
      "ResponseBody": "{\r\n  \"value\": []\r\n}",
      "ResponseHeaders": {
        "Content-Length": [
          "12"
        ],
        "Content-Type": [
          "application/json"
        ],
        "Expires": [
          "-1"
        ],
        "Pragma": [
          "no-cache"
        ],
        "x-ms-request-id": [
          "37c97a63-2abb-4609-9c5d-edd11e546f4d"
        ],
        "x-ms-client-request-id": [
          "ddb32872-1476-400f-8333-a6814cfd8f90-2016-04-13 05:43:37Z-P"
        ],
        "Strict-Transport-Security": [
          "max-age=31536000; includeSubDomains"
        ],
        "x-ms-ratelimit-remaining-subscription-reads": [
          "14883"
        ],
        "x-ms-correlation-request-id": [
          "37c97a63-2abb-4609-9c5d-edd11e546f4d"
        ],
        "x-ms-routing-request-id": [
          "CENTRALUS:20160413T054337Z:37c97a63-2abb-4609-9c5d-edd11e546f4d"
        ],
        "Cache-Control": [
          "no-cache"
        ],
        "Date": [
          "Wed, 13 Apr 2016 05:43:37 GMT"
        ],
        "Server": [
          "Microsoft-IIS/8.0"
        ]
      },
      "StatusCode": 200
    },
    {
      "RequestUri": "/Subscriptions/6999e4d0-cfde-46a3-9092-35dc7a28b5d4/resourceGroups/StreamAnalytics-Default-West-US/providers/Microsoft.RecoveryServicesBVTD/vaults?api-version=2015-11-10",
      "EncodedRequestUri": "L1N1YnNjcmlwdGlvbnMvNjk5OWU0ZDAtY2ZkZS00NmEzLTkwOTItMzVkYzdhMjhiNWQ0L3Jlc291cmNlR3JvdXBzL1N0cmVhbUFuYWx5dGljcy1EZWZhdWx0LVdlc3QtVVMvcHJvdmlkZXJzL01pY3Jvc29mdC5SZWNvdmVyeVNlcnZpY2VzQlZURC92YXVsdHM/YXBpLXZlcnNpb249MjAxNS0xMS0xMA==",
      "RequestMethod": "GET",
      "RequestBody": "",
      "RequestHeaders": {
        "x-ms-client-request-id": [
          "67be8420-560f-4b47-9407-feb0b73ed77c-2016-04-13 05:43:38Z-P"
        ],
        "x-ms-version": [
          "2015-01-01"
        ],
        "User-Agent": [
          "Microsoft.Azure.Management.RecoveryServices.RecoveryServicesManagementClient/1.0.0.0"
        ]
      },
      "ResponseBody": "{\r\n  \"value\": []\r\n}",
      "ResponseHeaders": {
        "Content-Length": [
          "12"
        ],
        "Content-Type": [
          "application/json"
        ],
        "Expires": [
          "-1"
        ],
        "Pragma": [
          "no-cache"
        ],
        "x-ms-request-id": [
          "f134cb4b-4c44-41f6-b280-f6a535526f61"
        ],
        "x-ms-client-request-id": [
          "67be8420-560f-4b47-9407-feb0b73ed77c-2016-04-13 05:43:38Z-P"
        ],
        "Strict-Transport-Security": [
          "max-age=31536000; includeSubDomains"
        ],
        "x-ms-ratelimit-remaining-subscription-reads": [
          "14882"
        ],
        "x-ms-correlation-request-id": [
          "f134cb4b-4c44-41f6-b280-f6a535526f61"
        ],
        "x-ms-routing-request-id": [
          "CENTRALUS:20160413T054338Z:f134cb4b-4c44-41f6-b280-f6a535526f61"
        ],
        "Cache-Control": [
          "no-cache"
        ],
        "Date": [
          "Wed, 13 Apr 2016 05:43:37 GMT"
        ],
        "Server": [
          "Microsoft-IIS/8.0"
        ]
      },
      "StatusCode": 200
    },
    {
      "RequestUri": "/Subscriptions/6999e4d0-cfde-46a3-9092-35dc7a28b5d4/resourceGroups/TestRP-7ee3823b-9635-45e0-b9b9-a80516c6dcf4/providers/Microsoft.RecoveryServicesBVTD/vaults?api-version=2015-11-10",
      "EncodedRequestUri": "L1N1YnNjcmlwdGlvbnMvNjk5OWU0ZDAtY2ZkZS00NmEzLTkwOTItMzVkYzdhMjhiNWQ0L3Jlc291cmNlR3JvdXBzL1Rlc3RSUC03ZWUzODIzYi05NjM1LTQ1ZTAtYjliOS1hODA1MTZjNmRjZjQvcHJvdmlkZXJzL01pY3Jvc29mdC5SZWNvdmVyeVNlcnZpY2VzQlZURC92YXVsdHM/YXBpLXZlcnNpb249MjAxNS0xMS0xMA==",
      "RequestMethod": "GET",
      "RequestBody": "",
      "RequestHeaders": {
        "x-ms-client-request-id": [
          "9d1a1e49-446f-4267-a5d3-e5fc9feb5552-2016-04-13 05:43:38Z-P"
        ],
        "x-ms-version": [
          "2015-01-01"
        ],
        "User-Agent": [
          "Microsoft.Azure.Management.RecoveryServices.RecoveryServicesManagementClient/1.0.0.0"
        ]
      },
      "ResponseBody": "{\r\n  \"value\": []\r\n}",
      "ResponseHeaders": {
        "Content-Length": [
          "12"
        ],
        "Content-Type": [
          "application/json"
        ],
        "Expires": [
          "-1"
        ],
        "Pragma": [
          "no-cache"
        ],
        "x-ms-request-id": [
          "b3b4dd0a-d227-4d6f-9b4c-a8c3fb010589"
        ],
        "x-ms-client-request-id": [
          "9d1a1e49-446f-4267-a5d3-e5fc9feb5552-2016-04-13 05:43:38Z-P"
        ],
        "Strict-Transport-Security": [
          "max-age=31536000; includeSubDomains"
        ],
        "x-ms-ratelimit-remaining-subscription-reads": [
          "14881"
        ],
        "x-ms-correlation-request-id": [
          "b3b4dd0a-d227-4d6f-9b4c-a8c3fb010589"
        ],
        "x-ms-routing-request-id": [
          "CENTRALUS:20160413T054338Z:b3b4dd0a-d227-4d6f-9b4c-a8c3fb010589"
        ],
        "Cache-Control": [
          "no-cache"
        ],
        "Date": [
          "Wed, 13 Apr 2016 05:43:38 GMT"
        ],
        "Server": [
          "Microsoft-IIS/8.0"
        ]
      },
      "StatusCode": 200
    },
    {
      "RequestUri": "/Subscriptions/6999e4d0-cfde-46a3-9092-35dc7a28b5d4/resourceGroups/vishak/providers/Microsoft.RecoveryServicesBVTD/vaults?api-version=2015-11-10",
      "EncodedRequestUri": "L1N1YnNjcmlwdGlvbnMvNjk5OWU0ZDAtY2ZkZS00NmEzLTkwOTItMzVkYzdhMjhiNWQ0L3Jlc291cmNlR3JvdXBzL3Zpc2hhay9wcm92aWRlcnMvTWljcm9zb2Z0LlJlY292ZXJ5U2VydmljZXNCVlREL3ZhdWx0cz9hcGktdmVyc2lvbj0yMDE1LTExLTEw",
      "RequestMethod": "GET",
      "RequestBody": "",
      "RequestHeaders": {
        "x-ms-client-request-id": [
          "c584e476-7201-4378-a5ca-1fcf786f8375-2016-04-13 05:43:39Z-P"
        ],
        "x-ms-version": [
          "2015-01-01"
        ],
        "User-Agent": [
          "Microsoft.Azure.Management.RecoveryServices.RecoveryServicesManagementClient/1.0.0.0"
        ]
      },
      "ResponseBody": "{\r\n  \"value\": [\r\n    {\r\n      \"location\": \"westus\",\r\n      \"name\": \"rsv1\",\r\n      \"etag\": \"ab3c310e-d044-4cba-8ea1-1aad9f970d9f\",\r\n      \"tags\": null,\r\n      \"properties\": {\r\n        \"provisioningState\": \"Succeeded\"\r\n      },\r\n      \"id\": \"/subscriptions/6999e4d0-cfde-46a3-9092-35dc7a28b5d4/resourceGroups/vishak/providers/Microsoft.RecoveryServicesBVTD/vaults/rsv1\",\r\n      \"type\": \"Microsoft.RecoveryServicesBVTD/vaults\",\r\n      \"sku\": {\r\n        \"name\": \"standard\",\r\n        \"tier\": null,\r\n        \"size\": null,\r\n        \"family\": null,\r\n        \"capacity\": null\r\n      }\r\n    },\r\n    {\r\n      \"location\": \"westus\",\r\n      \"name\": \"rsv2\",\r\n      \"etag\": \"ac6f473e-6f82-4488-ad21-ec48234d7a20\",\r\n      \"tags\": null,\r\n      \"properties\": {\r\n        \"provisioningState\": \"Succeeded\"\r\n      },\r\n      \"id\": \"/subscriptions/6999e4d0-cfde-46a3-9092-35dc7a28b5d4/resourceGroups/vishak/providers/Microsoft.RecoveryServicesBVTD/vaults/rsv2\",\r\n      \"type\": \"Microsoft.RecoveryServicesBVTD/vaults\",\r\n      \"sku\": {\r\n        \"name\": \"standard\",\r\n        \"tier\": null,\r\n        \"size\": null,\r\n        \"family\": null,\r\n        \"capacity\": null\r\n      }\r\n    },\r\n    {\r\n      \"location\": \"westus\",\r\n      \"name\": \"rsvis1\",\r\n      \"etag\": \"6806fada-a5d3-4f9d-8faf-e35f67df5d84\",\r\n      \"tags\": null,\r\n      \"properties\": {\r\n        \"provisioningState\": \"Succeeded\"\r\n      },\r\n      \"id\": \"/subscriptions/6999e4d0-cfde-46a3-9092-35dc7a28b5d4/resourceGroups/vishak/providers/Microsoft.RecoveryServicesBVTD/vaults/rsvis1\",\r\n      \"type\": \"Microsoft.RecoveryServicesBVTD/vaults\",\r\n      \"sku\": {\r\n        \"name\": \"standard\",\r\n        \"tier\": null,\r\n        \"size\": null,\r\n        \"family\": null,\r\n        \"capacity\": null\r\n      }\r\n    }\r\n  ]\r\n}",
      "ResponseHeaders": {
        "Content-Length": [
          "1221"
        ],
        "Content-Type": [
          "application/json"
        ],
        "Expires": [
          "-1"
        ],
        "Pragma": [
          "no-cache"
        ],
        "x-ms-request-id": [
          "7cc970e8-559b-46ac-94a4-61d88aac0bea"
        ],
        "x-ms-client-request-id": [
          "c584e476-7201-4378-a5ca-1fcf786f8375-2016-04-13 05:43:39Z-P"
        ],
        "Strict-Transport-Security": [
          "max-age=31536000; includeSubDomains"
        ],
        "x-ms-ratelimit-remaining-subscription-reads": [
          "14880"
        ],
        "x-ms-correlation-request-id": [
          "7cc970e8-559b-46ac-94a4-61d88aac0bea"
        ],
        "x-ms-routing-request-id": [
          "CENTRALUS:20160413T054339Z:7cc970e8-559b-46ac-94a4-61d88aac0bea"
        ],
        "Cache-Control": [
          "no-cache"
        ],
        "Date": [
          "Wed, 13 Apr 2016 05:43:38 GMT"
        ],
        "Server": [
          "Microsoft-IIS/8.0"
        ]
      },
      "StatusCode": 200
    },
    {
      "RequestUri": "/Subscriptions/6999e4d0-cfde-46a3-9092-35dc7a28b5d4/resourceGroups/vishakintdrg/providers/Microsoft.RecoveryServicesBVTD/vaults?api-version=2015-11-10",
      "EncodedRequestUri": "L1N1YnNjcmlwdGlvbnMvNjk5OWU0ZDAtY2ZkZS00NmEzLTkwOTItMzVkYzdhMjhiNWQ0L3Jlc291cmNlR3JvdXBzL3Zpc2hha2ludGRyZy9wcm92aWRlcnMvTWljcm9zb2Z0LlJlY292ZXJ5U2VydmljZXNCVlREL3ZhdWx0cz9hcGktdmVyc2lvbj0yMDE1LTExLTEw",
      "RequestMethod": "GET",
      "RequestBody": "",
      "RequestHeaders": {
        "x-ms-client-request-id": [
          "1a38f1eb-8886-486b-b0ba-316226bbe2bd-2016-04-13 05:43:39Z-P"
        ],
        "x-ms-version": [
          "2015-01-01"
        ],
        "User-Agent": [
          "Microsoft.Azure.Management.RecoveryServices.RecoveryServicesManagementClient/1.0.0.0"
        ]
      },
      "ResponseBody": "{\r\n  \"value\": [\r\n    {\r\n      \"location\": \"westus\",\r\n      \"name\": \"intdrs1\",\r\n      \"etag\": \"9c54160e-e38b-4805-a65b-7a0e5d21f41e\",\r\n      \"tags\": null,\r\n      \"properties\": {\r\n        \"provisioningState\": \"Succeeded\"\r\n      },\r\n      \"id\": \"/subscriptions/6999e4d0-cfde-46a3-9092-35dc7a28b5d4/resourceGroups/vishakintdrg/providers/Microsoft.RecoveryServicesBVTD/vaults/intdrs1\",\r\n      \"type\": \"Microsoft.RecoveryServicesBVTD/vaults\",\r\n      \"sku\": {\r\n        \"name\": \"standard\",\r\n        \"tier\": null,\r\n        \"size\": null,\r\n        \"family\": null,\r\n        \"capacity\": null\r\n      }\r\n    },\r\n    {\r\n      \"location\": \"westus\",\r\n      \"name\": \"r21\",\r\n      \"etag\": \"0775f063-2e8e-42ef-8382-edf7a38707ad\",\r\n      \"tags\": null,\r\n      \"properties\": {\r\n        \"provisioningState\": \"Succeeded\"\r\n      },\r\n      \"id\": \"/subscriptions/6999e4d0-cfde-46a3-9092-35dc7a28b5d4/resourceGroups/vishakintdrg/providers/Microsoft.RecoveryServicesBVTD/vaults/r21\",\r\n      \"type\": \"Microsoft.RecoveryServicesBVTD/vaults\",\r\n      \"sku\": {\r\n        \"name\": \"standard\",\r\n        \"tier\": null,\r\n        \"size\": null,\r\n        \"family\": null,\r\n        \"capacity\": null\r\n      }\r\n    },\r\n    {\r\n      \"location\": \"westus\",\r\n      \"name\": \"rsv1\",\r\n      \"etag\": \"f0ce3df8-6c03-4ac3-b734-dda599b6eaad\",\r\n      \"tags\": null,\r\n      \"properties\": {\r\n        \"provisioningState\": \"Succeeded\"\r\n      },\r\n      \"id\": \"/subscriptions/6999e4d0-cfde-46a3-9092-35dc7a28b5d4/resourceGroups/vishakintdrg/providers/Microsoft.RecoveryServicesBVTD/vaults/rsv1\",\r\n      \"type\": \"Microsoft.RecoveryServicesBVTD/vaults\",\r\n      \"sku\": {\r\n        \"name\": \"standard\",\r\n        \"tier\": null,\r\n        \"size\": null,\r\n        \"family\": null,\r\n        \"capacity\": null\r\n      }\r\n    },\r\n    {\r\n      \"location\": \"westus\",\r\n      \"name\": \"rsv89\",\r\n      \"etag\": \"6846c36a-c78b-4546-a3ad-9e6682861836\",\r\n      \"tags\": null,\r\n      \"properties\": {\r\n        \"provisioningState\": \"Succeeded\"\r\n      },\r\n      \"id\": \"/subscriptions/6999e4d0-cfde-46a3-9092-35dc7a28b5d4/resourceGroups/vishakintdrg/providers/Microsoft.RecoveryServicesBVTD/vaults/rsv89\",\r\n      \"type\": \"Microsoft.RecoveryServicesBVTD/vaults\",\r\n      \"sku\": {\r\n        \"name\": \"standard\",\r\n        \"tier\": null,\r\n        \"size\": null,\r\n        \"family\": null,\r\n        \"capacity\": null\r\n      }\r\n    },\r\n    {\r\n      \"location\": \"westus\",\r\n      \"name\": \"vishakrsvault\",\r\n      \"etag\": \"0a3cba7a-fc9e-41c1-82ed-5f8ee058c14c\",\r\n      \"tags\": null,\r\n      \"properties\": {\r\n        \"provisioningState\": \"Succeeded\"\r\n      },\r\n      \"id\": \"/subscriptions/6999e4d0-cfde-46a3-9092-35dc7a28b5d4/resourceGroups/vishakintdrg/providers/Microsoft.RecoveryServicesBVTD/vaults/vishakrsvault\",\r\n      \"type\": \"Microsoft.RecoveryServicesBVTD/vaults\",\r\n      \"sku\": {\r\n        \"name\": \"standard\",\r\n        \"tier\": null,\r\n        \"size\": null,\r\n        \"family\": null,\r\n        \"capacity\": null\r\n      }\r\n    }\r\n  ]\r\n}",
      "ResponseHeaders": {
        "Content-Length": [
          "2075"
        ],
        "Content-Type": [
          "application/json"
        ],
        "Expires": [
          "-1"
        ],
        "Pragma": [
          "no-cache"
        ],
        "x-ms-request-id": [
          "413e2ab2-f80e-4736-b1f9-64c02fc30bf8"
        ],
        "x-ms-client-request-id": [
          "1a38f1eb-8886-486b-b0ba-316226bbe2bd-2016-04-13 05:43:39Z-P"
        ],
        "Strict-Transport-Security": [
          "max-age=31536000; includeSubDomains"
        ],
        "x-ms-ratelimit-remaining-subscription-reads": [
          "14879"
        ],
        "x-ms-correlation-request-id": [
          "413e2ab2-f80e-4736-b1f9-64c02fc30bf8"
        ],
        "x-ms-routing-request-id": [
          "CENTRALUS:20160413T054340Z:413e2ab2-f80e-4736-b1f9-64c02fc30bf8"
        ],
        "Cache-Control": [
          "no-cache"
        ],
        "Date": [
          "Wed, 13 Apr 2016 05:43:40 GMT"
        ],
        "Server": [
          "Microsoft-IIS/8.0"
        ]
      },
      "StatusCode": 200
    },
    {
      "RequestUri": "/Subscriptions/6999e4d0-cfde-46a3-9092-35dc7a28b5d4/resourceGroups/vishakintdrg/providers/Microsoft.RecoveryServicesBVTD/vaults?api-version=2015-11-10",
      "EncodedRequestUri": "L1N1YnNjcmlwdGlvbnMvNjk5OWU0ZDAtY2ZkZS00NmEzLTkwOTItMzVkYzdhMjhiNWQ0L3Jlc291cmNlR3JvdXBzL3Zpc2hha2ludGRyZy9wcm92aWRlcnMvTWljcm9zb2Z0LlJlY292ZXJ5U2VydmljZXNCVlREL3ZhdWx0cz9hcGktdmVyc2lvbj0yMDE1LTExLTEw",
      "RequestMethod": "GET",
      "RequestBody": "",
      "RequestHeaders": {
        "x-ms-client-request-id": [
          "cd072fe1-cb84-4fe3-b058-531b7c2840ab-2016-04-13 05:43:53Z-P"
        ],
        "x-ms-version": [
          "2015-01-01"
        ],
        "User-Agent": [
          "Microsoft.Azure.Management.RecoveryServices.RecoveryServicesManagementClient/1.0.0.0"
        ]
      },
      "ResponseBody": "{\r\n  \"value\": [\r\n    {\r\n      \"location\": \"westus\",\r\n      \"name\": \"intdrs1\",\r\n      \"etag\": \"9c54160e-e38b-4805-a65b-7a0e5d21f41e\",\r\n      \"tags\": null,\r\n      \"properties\": {\r\n        \"provisioningState\": \"Succeeded\"\r\n      },\r\n      \"id\": \"/subscriptions/6999e4d0-cfde-46a3-9092-35dc7a28b5d4/resourceGroups/vishakintdrg/providers/Microsoft.RecoveryServicesBVTD/vaults/intdrs1\",\r\n      \"type\": \"Microsoft.RecoveryServicesBVTD/vaults\",\r\n      \"sku\": {\r\n        \"name\": \"standard\",\r\n        \"tier\": null,\r\n        \"size\": null,\r\n        \"family\": null,\r\n        \"capacity\": null\r\n      }\r\n    },\r\n    {\r\n      \"location\": \"westus\",\r\n      \"name\": \"r21\",\r\n      \"etag\": \"0775f063-2e8e-42ef-8382-edf7a38707ad\",\r\n      \"tags\": null,\r\n      \"properties\": {\r\n        \"provisioningState\": \"Succeeded\"\r\n      },\r\n      \"id\": \"/subscriptions/6999e4d0-cfde-46a3-9092-35dc7a28b5d4/resourceGroups/vishakintdrg/providers/Microsoft.RecoveryServicesBVTD/vaults/r21\",\r\n      \"type\": \"Microsoft.RecoveryServicesBVTD/vaults\",\r\n      \"sku\": {\r\n        \"name\": \"standard\",\r\n        \"tier\": null,\r\n        \"size\": null,\r\n        \"family\": null,\r\n        \"capacity\": null\r\n      }\r\n    },\r\n    {\r\n      \"location\": \"westus\",\r\n      \"name\": \"rsv1\",\r\n      \"etag\": \"f0ce3df8-6c03-4ac3-b734-dda599b6eaad\",\r\n      \"tags\": null,\r\n      \"properties\": {\r\n        \"provisioningState\": \"Succeeded\"\r\n      },\r\n      \"id\": \"/subscriptions/6999e4d0-cfde-46a3-9092-35dc7a28b5d4/resourceGroups/vishakintdrg/providers/Microsoft.RecoveryServicesBVTD/vaults/rsv1\",\r\n      \"type\": \"Microsoft.RecoveryServicesBVTD/vaults\",\r\n      \"sku\": {\r\n        \"name\": \"standard\",\r\n        \"tier\": null,\r\n        \"size\": null,\r\n        \"family\": null,\r\n        \"capacity\": null\r\n      }\r\n    },\r\n    {\r\n      \"location\": \"westus\",\r\n      \"name\": \"rsv89\",\r\n      \"etag\": \"6846c36a-c78b-4546-a3ad-9e6682861836\",\r\n      \"tags\": null,\r\n      \"properties\": {\r\n        \"provisioningState\": \"Succeeded\"\r\n      },\r\n      \"id\": \"/subscriptions/6999e4d0-cfde-46a3-9092-35dc7a28b5d4/resourceGroups/vishakintdrg/providers/Microsoft.RecoveryServicesBVTD/vaults/rsv89\",\r\n      \"type\": \"Microsoft.RecoveryServicesBVTD/vaults\",\r\n      \"sku\": {\r\n        \"name\": \"standard\",\r\n        \"tier\": null,\r\n        \"size\": null,\r\n        \"family\": null,\r\n        \"capacity\": null\r\n      }\r\n    },\r\n    {\r\n      \"location\": \"westus\",\r\n      \"name\": \"vishakrsvault\",\r\n      \"etag\": \"0a3cba7a-fc9e-41c1-82ed-5f8ee058c14c\",\r\n      \"tags\": null,\r\n      \"properties\": {\r\n        \"provisioningState\": \"Succeeded\"\r\n      },\r\n      \"id\": \"/subscriptions/6999e4d0-cfde-46a3-9092-35dc7a28b5d4/resourceGroups/vishakintdrg/providers/Microsoft.RecoveryServicesBVTD/vaults/vishakrsvault\",\r\n      \"type\": \"Microsoft.RecoveryServicesBVTD/vaults\",\r\n      \"sku\": {\r\n        \"name\": \"standard\",\r\n        \"tier\": null,\r\n        \"size\": null,\r\n        \"family\": null,\r\n        \"capacity\": null\r\n      }\r\n    }\r\n  ]\r\n}",
      "ResponseHeaders": {
        "Content-Length": [
          "2075"
        ],
        "Content-Type": [
          "application/json"
        ],
        "Expires": [
          "-1"
        ],
        "Pragma": [
          "no-cache"
        ],
        "x-ms-request-id": [
          "fddba338-d211-47b3-b97d-452e27c5b9bf"
        ],
        "x-ms-client-request-id": [
          "cd072fe1-cb84-4fe3-b058-531b7c2840ab-2016-04-13 05:43:53Z-P"
        ],
        "Strict-Transport-Security": [
          "max-age=31536000; includeSubDomains"
        ],
        "x-ms-ratelimit-remaining-subscription-reads": [
          "14863"
        ],
        "x-ms-correlation-request-id": [
          "fddba338-d211-47b3-b97d-452e27c5b9bf"
        ],
        "x-ms-routing-request-id": [
          "CENTRALUS:20160413T054353Z:fddba338-d211-47b3-b97d-452e27c5b9bf"
        ],
        "Cache-Control": [
          "no-cache"
        ],
        "Date": [
          "Wed, 13 Apr 2016 05:43:52 GMT"
        ],
        "Server": [
          "Microsoft-IIS/8.0"
        ]
      },
      "StatusCode": 200
    },
    {
      "RequestUri": "/Subscriptions/6999e4d0-cfde-46a3-9092-35dc7a28b5d4/resourceGroups/vishakintdrg/providers/Microsoft.RecoveryServicesBVTD/vaults?api-version=2015-11-10",
      "EncodedRequestUri": "L1N1YnNjcmlwdGlvbnMvNjk5OWU0ZDAtY2ZkZS00NmEzLTkwOTItMzVkYzdhMjhiNWQ0L3Jlc291cmNlR3JvdXBzL3Zpc2hha2ludGRyZy9wcm92aWRlcnMvTWljcm9zb2Z0LlJlY292ZXJ5U2VydmljZXNCVlREL3ZhdWx0cz9hcGktdmVyc2lvbj0yMDE1LTExLTEw",
      "RequestMethod": "GET",
      "RequestBody": "",
      "RequestHeaders": {
        "x-ms-client-request-id": [
          "69976e74-ba93-449e-b526-439465e94627-2016-04-13 05:43:57Z-P"
        ],
        "x-ms-version": [
          "2015-01-01"
        ],
        "User-Agent": [
          "Microsoft.Azure.Management.RecoveryServices.RecoveryServicesManagementClient/1.0.0.0"
        ]
      },
      "ResponseBody": "{\r\n  \"value\": [\r\n    {\r\n      \"location\": \"westus\",\r\n      \"name\": \"intdrs1\",\r\n      \"etag\": \"9c54160e-e38b-4805-a65b-7a0e5d21f41e\",\r\n      \"tags\": null,\r\n      \"properties\": {\r\n        \"provisioningState\": \"Succeeded\"\r\n      },\r\n      \"id\": \"/subscriptions/6999e4d0-cfde-46a3-9092-35dc7a28b5d4/resourceGroups/vishakintdrg/providers/Microsoft.RecoveryServicesBVTD/vaults/intdrs1\",\r\n      \"type\": \"Microsoft.RecoveryServicesBVTD/vaults\",\r\n      \"sku\": {\r\n        \"name\": \"standard\",\r\n        \"tier\": null,\r\n        \"size\": null,\r\n        \"family\": null,\r\n        \"capacity\": null\r\n      }\r\n    },\r\n    {\r\n      \"location\": \"westus\",\r\n      \"name\": \"r21\",\r\n      \"etag\": \"0775f063-2e8e-42ef-8382-edf7a38707ad\",\r\n      \"tags\": null,\r\n      \"properties\": {\r\n        \"provisioningState\": \"Succeeded\"\r\n      },\r\n      \"id\": \"/subscriptions/6999e4d0-cfde-46a3-9092-35dc7a28b5d4/resourceGroups/vishakintdrg/providers/Microsoft.RecoveryServicesBVTD/vaults/r21\",\r\n      \"type\": \"Microsoft.RecoveryServicesBVTD/vaults\",\r\n      \"sku\": {\r\n        \"name\": \"standard\",\r\n        \"tier\": null,\r\n        \"size\": null,\r\n        \"family\": null,\r\n        \"capacity\": null\r\n      }\r\n    },\r\n    {\r\n      \"location\": \"westus\",\r\n      \"name\": \"rsv89\",\r\n      \"etag\": \"6846c36a-c78b-4546-a3ad-9e6682861836\",\r\n      \"tags\": null,\r\n      \"properties\": {\r\n        \"provisioningState\": \"Succeeded\"\r\n      },\r\n      \"id\": \"/subscriptions/6999e4d0-cfde-46a3-9092-35dc7a28b5d4/resourceGroups/vishakintdrg/providers/Microsoft.RecoveryServicesBVTD/vaults/rsv89\",\r\n      \"type\": \"Microsoft.RecoveryServicesBVTD/vaults\",\r\n      \"sku\": {\r\n        \"name\": \"standard\",\r\n        \"tier\": null,\r\n        \"size\": null,\r\n        \"family\": null,\r\n        \"capacity\": null\r\n      }\r\n    },\r\n    {\r\n      \"location\": \"westus\",\r\n      \"name\": \"vishakrsvault\",\r\n      \"etag\": \"0a3cba7a-fc9e-41c1-82ed-5f8ee058c14c\",\r\n      \"tags\": null,\r\n      \"properties\": {\r\n        \"provisioningState\": \"Succeeded\"\r\n      },\r\n      \"id\": \"/subscriptions/6999e4d0-cfde-46a3-9092-35dc7a28b5d4/resourceGroups/vishakintdrg/providers/Microsoft.RecoveryServicesBVTD/vaults/vishakrsvault\",\r\n      \"type\": \"Microsoft.RecoveryServicesBVTD/vaults\",\r\n      \"sku\": {\r\n        \"name\": \"standard\",\r\n        \"tier\": null,\r\n        \"size\": null,\r\n        \"family\": null,\r\n        \"capacity\": null\r\n      }\r\n    }\r\n  ]\r\n}",
      "ResponseHeaders": {
        "Content-Length": [
          "1667"
        ],
        "Content-Type": [
          "application/json"
        ],
        "Expires": [
          "-1"
        ],
        "Pragma": [
          "no-cache"
        ],
        "x-ms-request-id": [
          "fa1f8dc0-789a-4352-b558-c2f39ccfeefc"
        ],
        "x-ms-client-request-id": [
          "69976e74-ba93-449e-b526-439465e94627-2016-04-13 05:43:57Z-P"
        ],
        "Strict-Transport-Security": [
          "max-age=31536000; includeSubDomains"
        ],
        "x-ms-ratelimit-remaining-subscription-reads": [
          "14862"
        ],
        "x-ms-correlation-request-id": [
          "fa1f8dc0-789a-4352-b558-c2f39ccfeefc"
        ],
        "x-ms-routing-request-id": [
          "CENTRALUS:20160413T054358Z:fa1f8dc0-789a-4352-b558-c2f39ccfeefc"
        ],
        "Cache-Control": [
          "no-cache"
        ],
        "Date": [
          "Wed, 13 Apr 2016 05:43:58 GMT"
        ],
        "Server": [
          "Microsoft-IIS/8.0"
        ]
      },
      "StatusCode": 200
    },
    {
      "RequestUri": "/Subscriptions/6999e4d0-cfde-46a3-9092-35dc7a28b5d4/resourceGroups/Vm2-test/providers/Microsoft.RecoveryServicesBVTD/vaults?api-version=2015-11-10",
      "EncodedRequestUri": "L1N1YnNjcmlwdGlvbnMvNjk5OWU0ZDAtY2ZkZS00NmEzLTkwOTItMzVkYzdhMjhiNWQ0L3Jlc291cmNlR3JvdXBzL1ZtMi10ZXN0L3Byb3ZpZGVycy9NaWNyb3NvZnQuUmVjb3ZlcnlTZXJ2aWNlc0JWVEQvdmF1bHRzP2FwaS12ZXJzaW9uPTIwMTUtMTEtMTA=",
      "RequestMethod": "GET",
      "RequestBody": "",
      "RequestHeaders": {
        "x-ms-client-request-id": [
          "9d450798-c8cc-4898-94e8-37f4cb88c067-2016-04-13 05:43:40Z-P"
        ],
        "x-ms-version": [
          "2015-01-01"
        ],
        "User-Agent": [
          "Microsoft.Azure.Management.RecoveryServices.RecoveryServicesManagementClient/1.0.0.0"
        ]
      },
      "ResponseBody": "{\r\n  \"value\": []\r\n}",
      "ResponseHeaders": {
        "Content-Length": [
          "12"
        ],
        "Content-Type": [
          "application/json"
        ],
        "Expires": [
          "-1"
        ],
        "Pragma": [
          "no-cache"
        ],
        "x-ms-request-id": [
          "f1017980-5074-4611-a92d-69e122cfcab8"
        ],
        "x-ms-client-request-id": [
          "9d450798-c8cc-4898-94e8-37f4cb88c067-2016-04-13 05:43:40Z-P"
        ],
        "Strict-Transport-Security": [
          "max-age=31536000; includeSubDomains"
        ],
        "x-ms-ratelimit-remaining-subscription-reads": [
          "14878"
        ],
        "x-ms-correlation-request-id": [
          "f1017980-5074-4611-a92d-69e122cfcab8"
        ],
        "x-ms-routing-request-id": [
          "CENTRALUS:20160413T054341Z:f1017980-5074-4611-a92d-69e122cfcab8"
        ],
        "Cache-Control": [
          "no-cache"
        ],
        "Date": [
          "Wed, 13 Apr 2016 05:43:41 GMT"
        ],
        "Server": [
          "Microsoft-IIS/8.0"
        ]
      },
      "StatusCode": 200
    },
    {
      "RequestUri": "/Subscriptions/6999e4d0-cfde-46a3-9092-35dc7a28b5d4/resourceGroups/Vm5/providers/Microsoft.RecoveryServicesBVTD/vaults?api-version=2015-11-10",
      "EncodedRequestUri": "L1N1YnNjcmlwdGlvbnMvNjk5OWU0ZDAtY2ZkZS00NmEzLTkwOTItMzVkYzdhMjhiNWQ0L3Jlc291cmNlR3JvdXBzL1ZtNS9wcm92aWRlcnMvTWljcm9zb2Z0LlJlY292ZXJ5U2VydmljZXNCVlREL3ZhdWx0cz9hcGktdmVyc2lvbj0yMDE1LTExLTEw",
      "RequestMethod": "GET",
      "RequestBody": "",
      "RequestHeaders": {
        "x-ms-client-request-id": [
          "ac916e18-6f21-4253-bbd8-bd31f3450517-2016-04-13 05:43:41Z-P"
        ],
        "x-ms-version": [
          "2015-01-01"
        ],
        "User-Agent": [
          "Microsoft.Azure.Management.RecoveryServices.RecoveryServicesManagementClient/1.0.0.0"
        ]
      },
      "ResponseBody": "{\r\n  \"value\": []\r\n}",
      "ResponseHeaders": {
        "Content-Length": [
          "12"
        ],
        "Content-Type": [
          "application/json"
        ],
        "Expires": [
          "-1"
        ],
        "Pragma": [
          "no-cache"
        ],
        "x-ms-request-id": [
          "d9a33e39-3963-483b-8719-3a919f51b070"
        ],
        "x-ms-client-request-id": [
          "ac916e18-6f21-4253-bbd8-bd31f3450517-2016-04-13 05:43:41Z-P"
        ],
        "Strict-Transport-Security": [
          "max-age=31536000; includeSubDomains"
        ],
        "x-ms-ratelimit-remaining-subscription-reads": [
          "14877"
        ],
        "x-ms-correlation-request-id": [
          "d9a33e39-3963-483b-8719-3a919f51b070"
        ],
        "x-ms-routing-request-id": [
          "CENTRALUS:20160413T054342Z:d9a33e39-3963-483b-8719-3a919f51b070"
        ],
        "Cache-Control": [
          "no-cache"
        ],
        "Date": [
          "Wed, 13 Apr 2016 05:43:41 GMT"
        ],
        "Server": [
          "Microsoft-IIS/8.0"
        ]
      },
      "StatusCode": 200
    },
    {
      "RequestUri": "/Subscriptions/6999e4d0-cfde-46a3-9092-35dc7a28b5d4/resourceGroups/Vm6-test/providers/Microsoft.RecoveryServicesBVTD/vaults?api-version=2015-11-10",
      "EncodedRequestUri": "L1N1YnNjcmlwdGlvbnMvNjk5OWU0ZDAtY2ZkZS00NmEzLTkwOTItMzVkYzdhMjhiNWQ0L3Jlc291cmNlR3JvdXBzL1ZtNi10ZXN0L3Byb3ZpZGVycy9NaWNyb3NvZnQuUmVjb3ZlcnlTZXJ2aWNlc0JWVEQvdmF1bHRzP2FwaS12ZXJzaW9uPTIwMTUtMTEtMTA=",
      "RequestMethod": "GET",
      "RequestBody": "",
      "RequestHeaders": {
        "x-ms-client-request-id": [
          "124f476c-6a5a-4522-82af-e998fd975f26-2016-04-13 05:43:42Z-P"
        ],
        "x-ms-version": [
          "2015-01-01"
        ],
        "User-Agent": [
          "Microsoft.Azure.Management.RecoveryServices.RecoveryServicesManagementClient/1.0.0.0"
        ]
      },
      "ResponseBody": "{\r\n  \"value\": []\r\n}",
      "ResponseHeaders": {
        "Content-Length": [
          "12"
        ],
        "Content-Type": [
          "application/json"
        ],
        "Expires": [
          "-1"
        ],
        "Pragma": [
          "no-cache"
        ],
        "x-ms-request-id": [
          "c3e58987-c03f-48fc-9897-007af8ffacbc"
        ],
        "x-ms-client-request-id": [
          "124f476c-6a5a-4522-82af-e998fd975f26-2016-04-13 05:43:42Z-P"
        ],
        "Strict-Transport-Security": [
          "max-age=31536000; includeSubDomains"
        ],
        "x-ms-ratelimit-remaining-subscription-reads": [
          "14876"
        ],
        "x-ms-correlation-request-id": [
          "c3e58987-c03f-48fc-9897-007af8ffacbc"
        ],
        "x-ms-routing-request-id": [
          "CENTRALUS:20160413T054342Z:c3e58987-c03f-48fc-9897-007af8ffacbc"
        ],
        "Cache-Control": [
          "no-cache"
        ],
        "Date": [
          "Wed, 13 Apr 2016 05:43:42 GMT"
        ],
        "Server": [
          "Microsoft-IIS/8.0"
        ]
      },
      "StatusCode": 200
    },
    {
      "RequestUri": "/Subscriptions/6999e4d0-cfde-46a3-9092-35dc7a28b5d4/resourceGroups/wahv0e9ab449-2925-4d1c-b70c-f96915ffbce8/providers/Microsoft.RecoveryServicesBVTD/vaults?api-version=2015-11-10",
      "EncodedRequestUri": "L1N1YnNjcmlwdGlvbnMvNjk5OWU0ZDAtY2ZkZS00NmEzLTkwOTItMzVkYzdhMjhiNWQ0L3Jlc291cmNlR3JvdXBzL3dhaHYwZTlhYjQ0OS0yOTI1LTRkMWMtYjcwYy1mOTY5MTVmZmJjZTgvcHJvdmlkZXJzL01pY3Jvc29mdC5SZWNvdmVyeVNlcnZpY2VzQlZURC92YXVsdHM/YXBpLXZlcnNpb249MjAxNS0xMS0xMA==",
      "RequestMethod": "GET",
      "RequestBody": "",
      "RequestHeaders": {
        "x-ms-client-request-id": [
          "1a430fe9-b0f5-4b99-bbf5-f44e06de0b44-2016-04-13 05:43:42Z-P"
        ],
        "x-ms-version": [
          "2015-01-01"
        ],
        "User-Agent": [
          "Microsoft.Azure.Management.RecoveryServices.RecoveryServicesManagementClient/1.0.0.0"
        ]
      },
      "ResponseBody": "{\r\n  \"value\": []\r\n}",
      "ResponseHeaders": {
        "Content-Length": [
          "12"
        ],
        "Content-Type": [
          "application/json"
        ],
        "Expires": [
          "-1"
        ],
        "Pragma": [
          "no-cache"
        ],
        "x-ms-request-id": [
          "6e40cb53-4754-43cb-acc7-3b67a0a64952"
        ],
        "x-ms-client-request-id": [
          "1a430fe9-b0f5-4b99-bbf5-f44e06de0b44-2016-04-13 05:43:42Z-P"
        ],
        "Strict-Transport-Security": [
          "max-age=31536000; includeSubDomains"
        ],
        "x-ms-ratelimit-remaining-subscription-reads": [
          "14875"
        ],
        "x-ms-correlation-request-id": [
          "6e40cb53-4754-43cb-acc7-3b67a0a64952"
        ],
        "x-ms-routing-request-id": [
          "CENTRALUS:20160413T054343Z:6e40cb53-4754-43cb-acc7-3b67a0a64952"
        ],
        "Cache-Control": [
          "no-cache"
        ],
        "Date": [
          "Wed, 13 Apr 2016 05:43:42 GMT"
        ],
        "Server": [
          "Microsoft-IIS/8.0"
        ]
      },
      "StatusCode": 200
    },
    {
      "RequestUri": "/Subscriptions/6999e4d0-cfde-46a3-9092-35dc7a28b5d4/resourceGroups/wahv4e173583-82e2-458d-a128-527a9fd44e4b/providers/Microsoft.RecoveryServicesBVTD/vaults?api-version=2015-11-10",
      "EncodedRequestUri": "L1N1YnNjcmlwdGlvbnMvNjk5OWU0ZDAtY2ZkZS00NmEzLTkwOTItMzVkYzdhMjhiNWQ0L3Jlc291cmNlR3JvdXBzL3dhaHY0ZTE3MzU4My04MmUyLTQ1OGQtYTEyOC01MjdhOWZkNDRlNGIvcHJvdmlkZXJzL01pY3Jvc29mdC5SZWNvdmVyeVNlcnZpY2VzQlZURC92YXVsdHM/YXBpLXZlcnNpb249MjAxNS0xMS0xMA==",
      "RequestMethod": "GET",
      "RequestBody": "",
      "RequestHeaders": {
        "x-ms-client-request-id": [
          "2f180154-f4b4-4521-8320-4fa7f1e9f644-2016-04-13 05:43:43Z-P"
        ],
        "x-ms-version": [
          "2015-01-01"
        ],
        "User-Agent": [
          "Microsoft.Azure.Management.RecoveryServices.RecoveryServicesManagementClient/1.0.0.0"
        ]
      },
      "ResponseBody": "{\r\n  \"value\": []\r\n}",
      "ResponseHeaders": {
        "Content-Length": [
          "12"
        ],
        "Content-Type": [
          "application/json"
        ],
        "Expires": [
          "-1"
        ],
        "Pragma": [
          "no-cache"
        ],
        "x-ms-request-id": [
          "309c91d7-055d-4ba7-8f61-7e13d7200e98"
        ],
        "x-ms-client-request-id": [
          "2f180154-f4b4-4521-8320-4fa7f1e9f644-2016-04-13 05:43:43Z-P"
        ],
        "Strict-Transport-Security": [
          "max-age=31536000; includeSubDomains"
        ],
        "x-ms-ratelimit-remaining-subscription-reads": [
          "14874"
        ],
        "x-ms-correlation-request-id": [
          "309c91d7-055d-4ba7-8f61-7e13d7200e98"
        ],
        "x-ms-routing-request-id": [
          "CENTRALUS:20160413T054343Z:309c91d7-055d-4ba7-8f61-7e13d7200e98"
        ],
        "Cache-Control": [
          "no-cache"
        ],
        "Date": [
          "Wed, 13 Apr 2016 05:43:43 GMT"
        ],
        "Server": [
          "Microsoft-IIS/8.0"
        ]
      },
      "StatusCode": 200
    },
    {
      "RequestUri": "/Subscriptions/6999e4d0-cfde-46a3-9092-35dc7a28b5d4/resourceGroups/wahv608b170d-26e1-4ed3-ae5a-ad7fcc77f028/providers/Microsoft.RecoveryServicesBVTD/vaults?api-version=2015-11-10",
      "EncodedRequestUri": "L1N1YnNjcmlwdGlvbnMvNjk5OWU0ZDAtY2ZkZS00NmEzLTkwOTItMzVkYzdhMjhiNWQ0L3Jlc291cmNlR3JvdXBzL3dhaHY2MDhiMTcwZC0yNmUxLTRlZDMtYWU1YS1hZDdmY2M3N2YwMjgvcHJvdmlkZXJzL01pY3Jvc29mdC5SZWNvdmVyeVNlcnZpY2VzQlZURC92YXVsdHM/YXBpLXZlcnNpb249MjAxNS0xMS0xMA==",
      "RequestMethod": "GET",
      "RequestBody": "",
      "RequestHeaders": {
        "x-ms-client-request-id": [
          "c4df110d-f357-492d-b75c-26969f294e36-2016-04-13 05:43:43Z-P"
        ],
        "x-ms-version": [
          "2015-01-01"
        ],
        "User-Agent": [
          "Microsoft.Azure.Management.RecoveryServices.RecoveryServicesManagementClient/1.0.0.0"
        ]
      },
      "ResponseBody": "{\r\n  \"value\": []\r\n}",
      "ResponseHeaders": {
        "Content-Length": [
          "12"
        ],
        "Content-Type": [
          "application/json"
        ],
        "Expires": [
          "-1"
        ],
        "Pragma": [
          "no-cache"
        ],
        "x-ms-request-id": [
          "b5ff1898-d8d1-4d23-ab3b-bb78ba91255c"
        ],
        "x-ms-client-request-id": [
          "c4df110d-f357-492d-b75c-26969f294e36-2016-04-13 05:43:43Z-P"
        ],
        "Strict-Transport-Security": [
          "max-age=31536000; includeSubDomains"
        ],
        "x-ms-ratelimit-remaining-subscription-reads": [
          "14873"
        ],
        "x-ms-correlation-request-id": [
          "b5ff1898-d8d1-4d23-ab3b-bb78ba91255c"
        ],
        "x-ms-routing-request-id": [
          "CENTRALUS:20160413T054344Z:b5ff1898-d8d1-4d23-ab3b-bb78ba91255c"
        ],
        "Cache-Control": [
          "no-cache"
        ],
        "Date": [
          "Wed, 13 Apr 2016 05:43:43 GMT"
        ],
        "Server": [
          "Microsoft-IIS/8.0"
        ]
      },
      "StatusCode": 200
    },
    {
      "RequestUri": "/Subscriptions/6999e4d0-cfde-46a3-9092-35dc7a28b5d4/resourceGroups/wahv858fdc7c-e813-470e-afb3-06aaba0478a8/providers/Microsoft.RecoveryServicesBVTD/vaults?api-version=2015-11-10",
      "EncodedRequestUri": "L1N1YnNjcmlwdGlvbnMvNjk5OWU0ZDAtY2ZkZS00NmEzLTkwOTItMzVkYzdhMjhiNWQ0L3Jlc291cmNlR3JvdXBzL3dhaHY4NThmZGM3Yy1lODEzLTQ3MGUtYWZiMy0wNmFhYmEwNDc4YTgvcHJvdmlkZXJzL01pY3Jvc29mdC5SZWNvdmVyeVNlcnZpY2VzQlZURC92YXVsdHM/YXBpLXZlcnNpb249MjAxNS0xMS0xMA==",
      "RequestMethod": "GET",
      "RequestBody": "",
      "RequestHeaders": {
        "x-ms-client-request-id": [
          "00bd25b4-cfc9-4369-b8ca-409ceaa61e37-2016-04-13 05:43:44Z-P"
        ],
        "x-ms-version": [
          "2015-01-01"
        ],
        "User-Agent": [
          "Microsoft.Azure.Management.RecoveryServices.RecoveryServicesManagementClient/1.0.0.0"
        ]
      },
      "ResponseBody": "{\r\n  \"value\": []\r\n}",
      "ResponseHeaders": {
        "Content-Length": [
          "12"
        ],
        "Content-Type": [
          "application/json"
        ],
        "Expires": [
          "-1"
        ],
        "Pragma": [
          "no-cache"
        ],
        "x-ms-request-id": [
          "ef008bf2-7971-4ee0-86a8-84b0b46cca1a"
        ],
        "x-ms-client-request-id": [
          "00bd25b4-cfc9-4369-b8ca-409ceaa61e37-2016-04-13 05:43:44Z-P"
        ],
        "Strict-Transport-Security": [
          "max-age=31536000; includeSubDomains"
        ],
        "x-ms-ratelimit-remaining-subscription-reads": [
          "14872"
        ],
        "x-ms-correlation-request-id": [
          "ef008bf2-7971-4ee0-86a8-84b0b46cca1a"
        ],
        "x-ms-routing-request-id": [
          "CENTRALUS:20160413T054344Z:ef008bf2-7971-4ee0-86a8-84b0b46cca1a"
        ],
        "Cache-Control": [
          "no-cache"
        ],
        "Date": [
          "Wed, 13 Apr 2016 05:43:44 GMT"
        ],
        "Server": [
          "Microsoft-IIS/8.0"
        ]
      },
      "StatusCode": 200
    },
    {
      "RequestUri": "/Subscriptions/6999e4d0-cfde-46a3-9092-35dc7a28b5d4/resourceGroups/wahv937ffd8f-3586-457d-a9b4-01761b8f7722/providers/Microsoft.RecoveryServicesBVTD/vaults?api-version=2015-11-10",
      "EncodedRequestUri": "L1N1YnNjcmlwdGlvbnMvNjk5OWU0ZDAtY2ZkZS00NmEzLTkwOTItMzVkYzdhMjhiNWQ0L3Jlc291cmNlR3JvdXBzL3dhaHY5MzdmZmQ4Zi0zNTg2LTQ1N2QtYTliNC0wMTc2MWI4Zjc3MjIvcHJvdmlkZXJzL01pY3Jvc29mdC5SZWNvdmVyeVNlcnZpY2VzQlZURC92YXVsdHM/YXBpLXZlcnNpb249MjAxNS0xMS0xMA==",
      "RequestMethod": "GET",
      "RequestBody": "",
      "RequestHeaders": {
        "x-ms-client-request-id": [
          "d1d2581f-1ebb-4e00-8813-c5eb84110ea6-2016-04-13 05:43:44Z-P"
        ],
        "x-ms-version": [
          "2015-01-01"
        ],
        "User-Agent": [
          "Microsoft.Azure.Management.RecoveryServices.RecoveryServicesManagementClient/1.0.0.0"
        ]
      },
      "ResponseBody": "{\r\n  \"value\": []\r\n}",
      "ResponseHeaders": {
        "Content-Length": [
          "12"
        ],
        "Content-Type": [
          "application/json"
        ],
        "Expires": [
          "-1"
        ],
        "Pragma": [
          "no-cache"
        ],
        "x-ms-request-id": [
          "762be10a-9ad6-4f58-910e-6d58c240a54f"
        ],
        "x-ms-client-request-id": [
          "d1d2581f-1ebb-4e00-8813-c5eb84110ea6-2016-04-13 05:43:44Z-P"
        ],
        "Strict-Transport-Security": [
          "max-age=31536000; includeSubDomains"
        ],
        "x-ms-ratelimit-remaining-subscription-reads": [
          "14871"
        ],
        "x-ms-correlation-request-id": [
          "762be10a-9ad6-4f58-910e-6d58c240a54f"
        ],
        "x-ms-routing-request-id": [
          "CENTRALUS:20160413T054345Z:762be10a-9ad6-4f58-910e-6d58c240a54f"
        ],
        "Cache-Control": [
          "no-cache"
        ],
        "Date": [
          "Wed, 13 Apr 2016 05:43:44 GMT"
        ],
        "Server": [
          "Microsoft-IIS/8.0"
        ]
      },
      "StatusCode": 200
    },
    {
      "RequestUri": "/Subscriptions/6999e4d0-cfde-46a3-9092-35dc7a28b5d4/resourceGroups/wahv9b7d9ec2-ba44-4c1c-993a-465257cb1022/providers/Microsoft.RecoveryServicesBVTD/vaults?api-version=2015-11-10",
      "EncodedRequestUri": "L1N1YnNjcmlwdGlvbnMvNjk5OWU0ZDAtY2ZkZS00NmEzLTkwOTItMzVkYzdhMjhiNWQ0L3Jlc291cmNlR3JvdXBzL3dhaHY5YjdkOWVjMi1iYTQ0LTRjMWMtOTkzYS00NjUyNTdjYjEwMjIvcHJvdmlkZXJzL01pY3Jvc29mdC5SZWNvdmVyeVNlcnZpY2VzQlZURC92YXVsdHM/YXBpLXZlcnNpb249MjAxNS0xMS0xMA==",
      "RequestMethod": "GET",
      "RequestBody": "",
      "RequestHeaders": {
        "x-ms-client-request-id": [
          "d7f2d9e5-34a0-4fe2-a138-9b4c7e051b0f-2016-04-13 05:43:45Z-P"
        ],
        "x-ms-version": [
          "2015-01-01"
        ],
        "User-Agent": [
          "Microsoft.Azure.Management.RecoveryServices.RecoveryServicesManagementClient/1.0.0.0"
        ]
      },
      "ResponseBody": "{\r\n  \"value\": []\r\n}",
      "ResponseHeaders": {
        "Content-Length": [
          "12"
        ],
        "Content-Type": [
          "application/json"
        ],
        "Expires": [
          "-1"
        ],
        "Pragma": [
          "no-cache"
        ],
        "x-ms-request-id": [
          "f408cf51-1d43-4c3e-b777-e754ad27000e"
        ],
        "x-ms-client-request-id": [
          "d7f2d9e5-34a0-4fe2-a138-9b4c7e051b0f-2016-04-13 05:43:45Z-P"
        ],
        "Strict-Transport-Security": [
          "max-age=31536000; includeSubDomains"
        ],
        "x-ms-ratelimit-remaining-subscription-reads": [
          "14870"
        ],
        "x-ms-correlation-request-id": [
          "f408cf51-1d43-4c3e-b777-e754ad27000e"
        ],
        "x-ms-routing-request-id": [
          "CENTRALUS:20160413T054345Z:f408cf51-1d43-4c3e-b777-e754ad27000e"
        ],
        "Cache-Control": [
          "no-cache"
        ],
        "Date": [
          "Wed, 13 Apr 2016 05:43:45 GMT"
        ],
        "Server": [
          "Microsoft-IIS/8.0"
        ]
      },
      "StatusCode": 200
    },
    {
      "RequestUri": "/Subscriptions/6999e4d0-cfde-46a3-9092-35dc7a28b5d4/resourceGroups/wahvab8ecd76-4ea7-4f08-b0b2-27ac93272732/providers/Microsoft.RecoveryServicesBVTD/vaults?api-version=2015-11-10",
      "EncodedRequestUri": "L1N1YnNjcmlwdGlvbnMvNjk5OWU0ZDAtY2ZkZS00NmEzLTkwOTItMzVkYzdhMjhiNWQ0L3Jlc291cmNlR3JvdXBzL3dhaHZhYjhlY2Q3Ni00ZWE3LTRmMDgtYjBiMi0yN2FjOTMyNzI3MzIvcHJvdmlkZXJzL01pY3Jvc29mdC5SZWNvdmVyeVNlcnZpY2VzQlZURC92YXVsdHM/YXBpLXZlcnNpb249MjAxNS0xMS0xMA==",
      "RequestMethod": "GET",
      "RequestBody": "",
      "RequestHeaders": {
        "x-ms-client-request-id": [
          "b7aed94b-33cb-4795-a3bc-2900d9cfe760-2016-04-13 05:43:45Z-P"
        ],
        "x-ms-version": [
          "2015-01-01"
        ],
        "User-Agent": [
          "Microsoft.Azure.Management.RecoveryServices.RecoveryServicesManagementClient/1.0.0.0"
        ]
      },
      "ResponseBody": "{\r\n  \"value\": []\r\n}",
      "ResponseHeaders": {
        "Content-Length": [
          "12"
        ],
        "Content-Type": [
          "application/json"
        ],
        "Expires": [
          "-1"
        ],
        "Pragma": [
          "no-cache"
        ],
        "x-ms-request-id": [
          "371c9421-1cae-47be-a5f1-ce231c96fb52"
        ],
        "x-ms-client-request-id": [
          "b7aed94b-33cb-4795-a3bc-2900d9cfe760-2016-04-13 05:43:45Z-P"
        ],
        "Strict-Transport-Security": [
          "max-age=31536000; includeSubDomains"
        ],
        "x-ms-ratelimit-remaining-subscription-reads": [
          "14869"
        ],
        "x-ms-correlation-request-id": [
          "371c9421-1cae-47be-a5f1-ce231c96fb52"
        ],
        "x-ms-routing-request-id": [
          "CENTRALUS:20160413T054346Z:371c9421-1cae-47be-a5f1-ce231c96fb52"
        ],
        "Cache-Control": [
          "no-cache"
        ],
        "Date": [
          "Wed, 13 Apr 2016 05:43:45 GMT"
        ],
        "Server": [
          "Microsoft-IIS/8.0"
        ]
      },
      "StatusCode": 200
    },
    {
      "RequestUri": "/Subscriptions/6999e4d0-cfde-46a3-9092-35dc7a28b5d4/resourceGroups/wahvab98f654-a5db-42f5-9f06-bac59a35bfa8/providers/Microsoft.RecoveryServicesBVTD/vaults?api-version=2015-11-10",
      "EncodedRequestUri": "L1N1YnNjcmlwdGlvbnMvNjk5OWU0ZDAtY2ZkZS00NmEzLTkwOTItMzVkYzdhMjhiNWQ0L3Jlc291cmNlR3JvdXBzL3dhaHZhYjk4ZjY1NC1hNWRiLTQyZjUtOWYwNi1iYWM1OWEzNWJmYTgvcHJvdmlkZXJzL01pY3Jvc29mdC5SZWNvdmVyeVNlcnZpY2VzQlZURC92YXVsdHM/YXBpLXZlcnNpb249MjAxNS0xMS0xMA==",
      "RequestMethod": "GET",
      "RequestBody": "",
      "RequestHeaders": {
        "x-ms-client-request-id": [
          "8e451f79-0072-4ead-a701-d7cacd07d89c-2016-04-13 05:43:46Z-P"
        ],
        "x-ms-version": [
          "2015-01-01"
        ],
        "User-Agent": [
          "Microsoft.Azure.Management.RecoveryServices.RecoveryServicesManagementClient/1.0.0.0"
        ]
      },
      "ResponseBody": "{\r\n  \"value\": []\r\n}",
      "ResponseHeaders": {
        "Content-Length": [
          "12"
        ],
        "Content-Type": [
          "application/json"
        ],
        "Expires": [
          "-1"
        ],
        "Pragma": [
          "no-cache"
        ],
        "x-ms-request-id": [
          "440e6a12-6e9e-4235-b587-f7bdc20b5c00"
        ],
        "x-ms-client-request-id": [
          "8e451f79-0072-4ead-a701-d7cacd07d89c-2016-04-13 05:43:46Z-P"
        ],
        "Strict-Transport-Security": [
          "max-age=31536000; includeSubDomains"
        ],
        "x-ms-ratelimit-remaining-subscription-reads": [
          "14868"
        ],
        "x-ms-correlation-request-id": [
          "440e6a12-6e9e-4235-b587-f7bdc20b5c00"
        ],
        "x-ms-routing-request-id": [
          "CENTRALUS:20160413T054347Z:440e6a12-6e9e-4235-b587-f7bdc20b5c00"
        ],
        "Cache-Control": [
          "no-cache"
        ],
        "Date": [
          "Wed, 13 Apr 2016 05:43:46 GMT"
        ],
        "Server": [
          "Microsoft-IIS/8.0"
        ]
      },
      "StatusCode": 200
    },
    {
      "RequestUri": "/Subscriptions/6999e4d0-cfde-46a3-9092-35dc7a28b5d4/resourceGroups/wahve3c5a0da-49d8-4dd3-8715-89ebdcc4d10c/providers/Microsoft.RecoveryServicesBVTD/vaults?api-version=2015-11-10",
      "EncodedRequestUri": "L1N1YnNjcmlwdGlvbnMvNjk5OWU0ZDAtY2ZkZS00NmEzLTkwOTItMzVkYzdhMjhiNWQ0L3Jlc291cmNlR3JvdXBzL3dhaHZlM2M1YTBkYS00OWQ4LTRkZDMtODcxNS04OWViZGNjNGQxMGMvcHJvdmlkZXJzL01pY3Jvc29mdC5SZWNvdmVyeVNlcnZpY2VzQlZURC92YXVsdHM/YXBpLXZlcnNpb249MjAxNS0xMS0xMA==",
      "RequestMethod": "GET",
      "RequestBody": "",
      "RequestHeaders": {
        "x-ms-client-request-id": [
          "30d83bd7-804d-46dc-b82d-2c8d1c8b4625-2016-04-13 05:43:47Z-P"
        ],
        "x-ms-version": [
          "2015-01-01"
        ],
        "User-Agent": [
          "Microsoft.Azure.Management.RecoveryServices.RecoveryServicesManagementClient/1.0.0.0"
        ]
      },
      "ResponseBody": "{\r\n  \"value\": []\r\n}",
      "ResponseHeaders": {
        "Content-Length": [
          "12"
        ],
        "Content-Type": [
          "application/json"
        ],
        "Expires": [
          "-1"
        ],
        "Pragma": [
          "no-cache"
        ],
        "x-ms-request-id": [
          "a7dbf577-5e2a-49d6-846e-642ef7045b80"
        ],
        "x-ms-client-request-id": [
          "30d83bd7-804d-46dc-b82d-2c8d1c8b4625-2016-04-13 05:43:47Z-P"
        ],
        "Strict-Transport-Security": [
          "max-age=31536000; includeSubDomains"
        ],
        "x-ms-ratelimit-remaining-subscription-reads": [
          "14867"
        ],
        "x-ms-correlation-request-id": [
          "a7dbf577-5e2a-49d6-846e-642ef7045b80"
        ],
        "x-ms-routing-request-id": [
          "CENTRALUS:20160413T054347Z:a7dbf577-5e2a-49d6-846e-642ef7045b80"
        ],
        "Cache-Control": [
          "no-cache"
        ],
        "Date": [
          "Wed, 13 Apr 2016 05:43:47 GMT"
        ],
        "Server": [
          "Microsoft-IIS/8.0"
        ]
      },
      "StatusCode": 200
    },
    {
      "RequestUri": "/Subscriptions/6999e4d0-cfde-46a3-9092-35dc7a28b5d4/resourceGroups/wahvf8e502c8-8f13-4022-90cb-b638364e1206/providers/Microsoft.RecoveryServicesBVTD/vaults?api-version=2015-11-10",
      "EncodedRequestUri": "L1N1YnNjcmlwdGlvbnMvNjk5OWU0ZDAtY2ZkZS00NmEzLTkwOTItMzVkYzdhMjhiNWQ0L3Jlc291cmNlR3JvdXBzL3dhaHZmOGU1MDJjOC04ZjEzLTQwMjItOTBjYi1iNjM4MzY0ZTEyMDYvcHJvdmlkZXJzL01pY3Jvc29mdC5SZWNvdmVyeVNlcnZpY2VzQlZURC92YXVsdHM/YXBpLXZlcnNpb249MjAxNS0xMS0xMA==",
      "RequestMethod": "GET",
      "RequestBody": "",
      "RequestHeaders": {
        "x-ms-client-request-id": [
          "9a6f2161-7403-4185-9857-63b46860218b-2016-04-13 05:43:47Z-P"
        ],
        "x-ms-version": [
          "2015-01-01"
        ],
        "User-Agent": [
          "Microsoft.Azure.Management.RecoveryServices.RecoveryServicesManagementClient/1.0.0.0"
        ]
      },
      "ResponseBody": "{\r\n  \"value\": []\r\n}",
      "ResponseHeaders": {
        "Content-Length": [
          "12"
        ],
        "Content-Type": [
          "application/json"
        ],
        "Expires": [
          "-1"
        ],
        "Pragma": [
          "no-cache"
        ],
        "x-ms-request-id": [
          "11cf1336-ae41-40c8-b483-a060f3634098"
        ],
        "x-ms-client-request-id": [
          "9a6f2161-7403-4185-9857-63b46860218b-2016-04-13 05:43:47Z-P"
        ],
        "Strict-Transport-Security": [
          "max-age=31536000; includeSubDomains"
        ],
        "x-ms-ratelimit-remaining-subscription-reads": [
          "14866"
        ],
        "x-ms-correlation-request-id": [
          "11cf1336-ae41-40c8-b483-a060f3634098"
        ],
        "x-ms-routing-request-id": [
          "CENTRALUS:20160413T054348Z:11cf1336-ae41-40c8-b483-a060f3634098"
        ],
        "Cache-Control": [
          "no-cache"
        ],
        "Date": [
          "Wed, 13 Apr 2016 05:43:47 GMT"
        ],
        "Server": [
          "Microsoft-IIS/8.0"
        ]
      },
      "StatusCode": 200
    },
    {
      "RequestUri": "/Subscriptions/6999e4d0-cfde-46a3-9092-35dc7a28b5d4/resourceGroups/wahvf9e4ef36-0eb8-417a-8bf6-2e83c099a4e0/providers/Microsoft.RecoveryServicesBVTD/vaults?api-version=2015-11-10",
      "EncodedRequestUri": "L1N1YnNjcmlwdGlvbnMvNjk5OWU0ZDAtY2ZkZS00NmEzLTkwOTItMzVkYzdhMjhiNWQ0L3Jlc291cmNlR3JvdXBzL3dhaHZmOWU0ZWYzNi0wZWI4LTQxN2EtOGJmNi0yZTgzYzA5OWE0ZTAvcHJvdmlkZXJzL01pY3Jvc29mdC5SZWNvdmVyeVNlcnZpY2VzQlZURC92YXVsdHM/YXBpLXZlcnNpb249MjAxNS0xMS0xMA==",
      "RequestMethod": "GET",
      "RequestBody": "",
      "RequestHeaders": {
        "x-ms-client-request-id": [
          "953906a3-14da-4570-a6cf-2c41c8aa45ec-2016-04-13 05:43:48Z-P"
        ],
        "x-ms-version": [
          "2015-01-01"
        ],
        "User-Agent": [
          "Microsoft.Azure.Management.RecoveryServices.RecoveryServicesManagementClient/1.0.0.0"
        ]
      },
      "ResponseBody": "{\r\n  \"value\": []\r\n}",
      "ResponseHeaders": {
        "Content-Length": [
          "12"
        ],
        "Content-Type": [
          "application/json"
        ],
        "Expires": [
          "-1"
        ],
        "Pragma": [
          "no-cache"
        ],
        "x-ms-request-id": [
          "2502bf9a-1800-4bbe-899d-a63bbb4bbc2d"
        ],
        "x-ms-client-request-id": [
          "953906a3-14da-4570-a6cf-2c41c8aa45ec-2016-04-13 05:43:48Z-P"
        ],
        "Strict-Transport-Security": [
          "max-age=31536000; includeSubDomains"
        ],
        "x-ms-ratelimit-remaining-subscription-reads": [
          "14865"
        ],
        "x-ms-correlation-request-id": [
          "2502bf9a-1800-4bbe-899d-a63bbb4bbc2d"
        ],
        "x-ms-routing-request-id": [
          "CENTRALUS:20160413T054348Z:2502bf9a-1800-4bbe-899d-a63bbb4bbc2d"
        ],
        "Cache-Control": [
          "no-cache"
        ],
        "Date": [
          "Wed, 13 Apr 2016 05:43:48 GMT"
        ],
        "Server": [
          "Microsoft-IIS/8.0"
        ]
      },
      "StatusCode": 200
    },
    {
      "RequestUri": "/Subscriptions/6999e4d0-cfde-46a3-9092-35dc7a28b5d4/resourceGroups/vishakintdrg/providers/Microsoft.RecoveryServicesBVTD/vaults/rsv1/backupstorageconfig/vaultstorageconfig?api-version=2015-11-10",
      "EncodedRequestUri": "L1N1YnNjcmlwdGlvbnMvNjk5OWU0ZDAtY2ZkZS00NmEzLTkwOTItMzVkYzdhMjhiNWQ0L3Jlc291cmNlR3JvdXBzL3Zpc2hha2ludGRyZy9wcm92aWRlcnMvTWljcm9zb2Z0LlJlY292ZXJ5U2VydmljZXNCVlREL3ZhdWx0cy9yc3YxL2JhY2t1cHN0b3JhZ2Vjb25maWcvdmF1bHRzdG9yYWdlY29uZmlnP2FwaS12ZXJzaW9uPTIwMTUtMTEtMTA=",
      "RequestMethod": "GET",
      "RequestBody": "",
      "RequestHeaders": {
        "Accept-Language": [
          "en-us"
        ],
        "x-ms-client-request-id": [
          "c9a7807f-7e7e-4818-953c-261274fdf064-2016-04-13 05:43:48Z-P"
        ],
        "User-Agent": [
          "Microsoft.Azure.Management.RecoveryServices.RecoveryServicesManagementClient/1.0.0.0"
        ]
      },
      "ResponseBody": "{\r\n  \"id\": \"/subscriptions/6999e4d0-cfde-46a3-9092-35dc7a28b5d4/resourceGroups/vishakintdrg/providers/Microsoft.RecoveryServicesBVTD/vaults/rsv1/backupstorageconfig/vaultstorageconfig\",\r\n  \"name\": \"vaultstorageconfig\",\r\n  \"type\": \"Microsoft.RecoveryServices/vaults/backupstorageconfig\",\r\n  \"properties\": {\r\n    \"storageModelType\": \"GeoRedundant\",\r\n    \"storageType\": \"GeoRedundant\",\r\n    \"dedupState\": \"Disabled\",\r\n    \"storageTypeState\": \"Unlocked\"\r\n  }\r\n}",
      "ResponseHeaders": {
        "Content-Length": [
          "403"
        ],
        "Content-Type": [
          "application/json"
        ],
        "Expires": [
          "-1"
        ],
        "Pragma": [
          "no-cache"
        ],
        "x-ms-request-id": [
          "4b6e0f75-b13a-4e5b-8802-bccbdf9272a1"
        ],
        "x-ms-client-request-id": [
          "c9a7807f-7e7e-4818-953c-261274fdf064-2016-04-13 05:43:48Z-P",
          "c9a7807f-7e7e-4818-953c-261274fdf064-2016-04-13 05:43:48Z-P"
        ],
        "Strict-Transport-Security": [
          "max-age=31536000; includeSubDomains"
        ],
        "x-ms-ratelimit-remaining-subscription-reads": [
          "14864"
        ],
        "x-ms-correlation-request-id": [
          "4b6e0f75-b13a-4e5b-8802-bccbdf9272a1"
        ],
        "x-ms-routing-request-id": [
          "CENTRALUS:20160413T054349Z:4b6e0f75-b13a-4e5b-8802-bccbdf9272a1"
        ],
        "Cache-Control": [
          "no-cache"
        ],
        "Date": [
          "Wed, 13 Apr 2016 05:43:49 GMT"
        ],
        "Server": [
          "Microsoft-IIS/8.0"
        ],
        "X-Powered-By": [
          "ASP.NET"
        ]
      },
      "StatusCode": 200
    },
    {
      "RequestUri": "/Subscriptions/6999e4d0-cfde-46a3-9092-35dc7a28b5d4/resourceGroups/vishakintdrg/providers/Microsoft.RecoveryServicesBVTD/vaults/rsv1/backupstorageconfig/vaultstorageconfig?api-version=2015-11-10",
      "EncodedRequestUri": "L1N1YnNjcmlwdGlvbnMvNjk5OWU0ZDAtY2ZkZS00NmEzLTkwOTItMzVkYzdhMjhiNWQ0L3Jlc291cmNlR3JvdXBzL3Zpc2hha2ludGRyZy9wcm92aWRlcnMvTWljcm9zb2Z0LlJlY292ZXJ5U2VydmljZXNCVlREL3ZhdWx0cy9yc3YxL2JhY2t1cHN0b3JhZ2Vjb25maWcvdmF1bHRzdG9yYWdlY29uZmlnP2FwaS12ZXJzaW9uPTIwMTUtMTEtMTA=",
      "RequestMethod": "PATCH",
      "RequestBody": "{\r\n  \"properties\": {\r\n    \"storageModelType\": \"LocallyRedundant\"\r\n  }\r\n}",
      "RequestHeaders": {
        "Content-Type": [
          "application/json"
        ],
        "Content-Length": [
          "72"
        ],
        "Accept-Language": [
          "en-us"
        ],
        "x-ms-client-request-id": [
          "7dd85da7-5932-400b-90ea-8a5bd6a9611c-2016-04-13 05:43:50Z-P"
        ],
        "x-ms-version": [
          "2015-01-01"
        ],
        "User-Agent": [
          "Microsoft.Azure.Management.RecoveryServices.RecoveryServicesManagementClient/1.0.0.0"
        ]
      },
      "ResponseBody": "",
      "ResponseHeaders": {
        "Content-Length": [
          "0"
        ],
        "Expires": [
          "-1"
        ],
        "Pragma": [
          "no-cache"
        ],
        "x-ms-request-id": [
          "4f53418c-708a-401c-a74e-7014ea43f250"
        ],
        "x-ms-client-request-id": [
          "7dd85da7-5932-400b-90ea-8a5bd6a9611c-2016-04-13 05:43:50Z-P",
          "7dd85da7-5932-400b-90ea-8a5bd6a9611c-2016-04-13 05:43:50Z-P"
        ],
        "Strict-Transport-Security": [
          "max-age=31536000; includeSubDomains"
        ],
        "x-ms-ratelimit-remaining-subscription-writes": [
          "1186"
        ],
        "x-ms-correlation-request-id": [
          "4f53418c-708a-401c-a74e-7014ea43f250"
        ],
        "x-ms-routing-request-id": [
          "CENTRALUS:20160413T054351Z:4f53418c-708a-401c-a74e-7014ea43f250"
        ],
        "Cache-Control": [
          "no-cache"
        ],
        "Date": [
          "Wed, 13 Apr 2016 05:43:50 GMT"
        ],
        "X-Powered-By": [
          "ASP.NET"
        ]
      },
      "StatusCode": 204
    },
    {
      "RequestUri": "/Subscriptions/6999e4d0-cfde-46a3-9092-35dc7a28b5d4/resourceGroups/vishakintdrg/providers/Microsoft.RecoveryServicesBVTD/vaults/rsv1/backupstorageconfig/vaultstorageconfig?api-version=2015-11-10",
      "EncodedRequestUri": "L1N1YnNjcmlwdGlvbnMvNjk5OWU0ZDAtY2ZkZS00NmEzLTkwOTItMzVkYzdhMjhiNWQ0L3Jlc291cmNlR3JvdXBzL3Zpc2hha2ludGRyZy9wcm92aWRlcnMvTWljcm9zb2Z0LlJlY292ZXJ5U2VydmljZXNCVlREL3ZhdWx0cy9yc3YxL2JhY2t1cHN0b3JhZ2Vjb25maWcvdmF1bHRzdG9yYWdlY29uZmlnP2FwaS12ZXJzaW9uPTIwMTUtMTEtMTA=",
      "RequestMethod": "PATCH",
      "RequestBody": "{\r\n  \"properties\": {\r\n    \"storageModelType\": \"GeoRedundant\",\r\n    \"dedupState\": \"Enabled\"\r\n  }\r\n}",
      "RequestHeaders": {
        "Content-Type": [
          "application/json"
        ],
        "Content-Length": [
          "98"
        ],
        "Accept-Language": [
          "en-us"
        ],
        "x-ms-client-request-id": [
          "3af2c50f-7d93-4d92-9cff-8b9b6546629e-2016-04-13 05:43:51Z-P"
        ],
        "x-ms-version": [
          "2015-01-01"
        ],
        "User-Agent": [
          "Microsoft.Azure.Management.RecoveryServices.RecoveryServicesManagementClient/1.0.0.0"
        ]
      },
      "ResponseBody": "",
      "ResponseHeaders": {
        "Content-Length": [
          "0"
        ],
        "Expires": [
          "-1"
        ],
        "Pragma": [
          "no-cache"
        ],
        "x-ms-request-id": [
          "78159dc0-1930-4e67-a1e0-7908e5b5f09a"
        ],
        "x-ms-client-request-id": [
          "3af2c50f-7d93-4d92-9cff-8b9b6546629e-2016-04-13 05:43:51Z-P",
          "3af2c50f-7d93-4d92-9cff-8b9b6546629e-2016-04-13 05:43:51Z-P"
        ],
        "Strict-Transport-Security": [
          "max-age=31536000; includeSubDomains"
        ],
        "x-ms-ratelimit-remaining-subscription-writes": [
          "1185"
        ],
        "x-ms-correlation-request-id": [
          "78159dc0-1930-4e67-a1e0-7908e5b5f09a"
        ],
        "x-ms-routing-request-id": [
          "CENTRALUS:20160413T054353Z:78159dc0-1930-4e67-a1e0-7908e5b5f09a"
        ],
        "Cache-Control": [
          "no-cache"
        ],
        "Date": [
          "Wed, 13 Apr 2016 05:43:52 GMT"
        ],
        "X-Powered-By": [
          "ASP.NET"
        ]
      },
      "StatusCode": 204
    },
    {
      "RequestUri": "/Subscriptions/6999e4d0-cfde-46a3-9092-35dc7a28b5d4/resourceGroups/vishakintdrg/providers/Microsoft.RecoveryServicesBVTD/vaults/rsv1?api-version=2015-11-10",
      "EncodedRequestUri": "L1N1YnNjcmlwdGlvbnMvNjk5OWU0ZDAtY2ZkZS00NmEzLTkwOTItMzVkYzdhMjhiNWQ0L3Jlc291cmNlR3JvdXBzL3Zpc2hha2ludGRyZy9wcm92aWRlcnMvTWljcm9zb2Z0LlJlY292ZXJ5U2VydmljZXNCVlREL3ZhdWx0cy9yc3YxP2FwaS12ZXJzaW9uPTIwMTUtMTEtMTA=",
      "RequestMethod": "DELETE",
      "RequestBody": "",
      "RequestHeaders": {
        "Accept": [
          "application/json; charset=utf-8"
        ],
        "x-ms-version": [
          "2015-01-01"
        ],
        "User-Agent": [
          "Microsoft.Azure.Management.RecoveryServices.RecoveryServicesManagementClient/1.0.0.0"
        ]
      },
      "ResponseBody": "",
      "ResponseHeaders": {
        "Content-Length": [
          "0"
        ],
        "Expires": [
          "-1"
        ],
        "Pragma": [
          "no-cache"
        ],
        "x-ms-request-id": [
          "6146ee18-ef9d-45d6-8a2c-a1c21bddbe7c"
        ],
        "x-ms-client-request-id": [
          "6fd8f258-bda6-4e46-bdb8-59f0382b4ed7"
        ],
        "Strict-Transport-Security": [
          "max-age=31536000; includeSubDomains"
        ],
        "x-ms-ratelimit-remaining-subscription-writes": [
          "1184"
        ],
        "x-ms-correlation-request-id": [
          "6146ee18-ef9d-45d6-8a2c-a1c21bddbe7c"
        ],
        "x-ms-routing-request-id": [
          "CENTRALUS:20160413T054357Z:6146ee18-ef9d-45d6-8a2c-a1c21bddbe7c"
        ],
        "Cache-Control": [
          "no-cache"
        ],
        "Date": [
          "Wed, 13 Apr 2016 05:43:57 GMT"
        ]
      },
      "StatusCode": 200
    }
  ],
  "Names": {},
  "Variables": {
    "SubscriptionId": "6999e4d0-cfde-46a3-9092-35dc7a28b5d4"
  }
}